Archive member included to satisfy reference by file (symbol)

/home/jpost/Dropbox/Projects/Flask/source/libs/libsfil/lib/libsfil.a(sfil_png.o)
                              flask.o (sfil_load_PNG_file)
/home/jpost/devkitpro/portlibs/armv6k/lib/libpng.a(png.o)
                              /home/jpost/Dropbox/Projects/Flask/source/libs/libsfil/lib/libsfil.a(sfil_png.o) (png_set_sig_bytes)
/home/jpost/devkitpro/portlibs/armv6k/lib/libpng.a(pngerror.o)
                              /home/jpost/devkitpro/portlibs/armv6k/lib/libpng.a(png.o) (png_safecat)
/home/jpost/devkitpro/portlibs/armv6k/lib/libpng.a(pngget.o)
                              /home/jpost/Dropbox/Projects/Flask/source/libs/libsfil/lib/libsfil.a(sfil_png.o) (png_get_valid)
/home/jpost/devkitpro/portlibs/armv6k/lib/libpng.a(pngmem.o)
                              /home/jpost/devkitpro/portlibs/armv6k/lib/libpng.a(png.o) (png_calloc)
/home/jpost/devkitpro/portlibs/armv6k/lib/libpng.a(pngread.o)
                              /home/jpost/Dropbox/Projects/Flask/source/libs/libsfil/lib/libsfil.a(sfil_png.o) (png_create_read_struct)
/home/jpost/devkitpro/portlibs/armv6k/lib/libpng.a(pngrio.o)
                              /home/jpost/Dropbox/Projects/Flask/source/libs/libsfil/lib/libsfil.a(sfil_png.o) (png_set_read_fn)
/home/jpost/devkitpro/portlibs/armv6k/lib/libpng.a(pngrtran.o)
                              /home/jpost/devkitpro/portlibs/armv6k/lib/libpng.a(pngread.o) (png_set_background_fixed)
/home/jpost/devkitpro/portlibs/armv6k/lib/libpng.a(pngrutil.o)
                              /home/jpost/devkitpro/portlibs/armv6k/lib/libpng.a(pngread.o) (png_read_sig)
/home/jpost/devkitpro/portlibs/armv6k/lib/libpng.a(pngset.o)
                              /home/jpost/devkitpro/portlibs/armv6k/lib/libpng.a(pngrutil.o) (png_set_bKGD)
/home/jpost/devkitpro/portlibs/armv6k/lib/libpng.a(pngtrans.o)
                              /home/jpost/devkitpro/portlibs/armv6k/lib/libpng.a(pngread.o) (png_set_bgr)
/home/jpost/devkitpro/portlibs/armv6k/lib/libpng.a(pngwrite.o)
                              /home/jpost/devkitpro/portlibs/armv6k/lib/libpng.a(png.o) (png_destroy_write_struct)
/home/jpost/devkitpro/portlibs/armv6k/lib/libpng.a(pngwtran.o)
                              /home/jpost/devkitpro/portlibs/armv6k/lib/libpng.a(pngwrite.o) (png_do_write_transformations)
/home/jpost/devkitpro/portlibs/armv6k/lib/libpng.a(pngwutil.o)
                              /home/jpost/devkitpro/portlibs/armv6k/lib/libpng.a(png.o) (png_save_uint_32)
/home/jpost/devkitpro/portlibs/armv6k/lib/libpng.a(pngwio.o)
                              /home/jpost/devkitpro/portlibs/armv6k/lib/libpng.a(pngwutil.o) (png_write_data)
/home/jpost/devkitpro/portlibs/armv6k/lib/libz.a(adler32.o)
                              /home/jpost/devkitpro/portlibs/armv6k/lib/libpng.a(png.o) (adler32)
/home/jpost/devkitpro/portlibs/armv6k/lib/libz.a(crc32.o)
                              /home/jpost/devkitpro/portlibs/armv6k/lib/libpng.a(png.o) (crc32)
/home/jpost/devkitpro/portlibs/armv6k/lib/libz.a(deflate.o)
                              /home/jpost/devkitpro/portlibs/armv6k/lib/libpng.a(pngwutil.o) (deflateReset)
/home/jpost/devkitpro/portlibs/armv6k/lib/libz.a(inflate.o)
                              /home/jpost/devkitpro/portlibs/armv6k/lib/libpng.a(png.o) (inflateReset)
/home/jpost/devkitpro/portlibs/armv6k/lib/libz.a(inftrees.o)
                              /home/jpost/devkitpro/portlibs/armv6k/lib/libz.a(inflate.o) (inflate_table)
/home/jpost/devkitpro/portlibs/armv6k/lib/libz.a(trees.o)
                              /home/jpost/devkitpro/portlibs/armv6k/lib/libz.a(deflate.o) (_tr_init)
/home/jpost/devkitpro/portlibs/armv6k/lib/libz.a(zutil.o)
                              /home/jpost/devkitpro/portlibs/armv6k/lib/libz.a(deflate.o) (zcalloc)
/home/jpost/devkitpro/portlibs/armv6k/lib/libz.a(inffast.o)
                              /home/jpost/devkitpro/portlibs/armv6k/lib/libz.a(inflate.o) (inflate_fast)
/home/jpost/Dropbox/Projects/Flask/source/libs/libsf2d/lib/libsf2d.a(sf2d_texture.o)
                              /home/jpost/Dropbox/Projects/Flask/source/libs/libsfil/lib/libsfil.a(sfil_png.o) (sf2d_create_texture)
/home/jpost/Dropbox/Projects/Flask/source/libs/libsf2d/lib/libsf2d.a(sf2d.o)
                              main.o (sf2d_init)
/home/jpost/Dropbox/Projects/Flask/source/libs/libsf2d/lib/libsf2d.a(sf2d_private.o)
                              /home/jpost/Dropbox/Projects/Flask/source/libs/libsf2d/lib/libsf2d.a(sf2d.o) (GPU_SetDummyTexEnv)
/home/jpost/devkitpro/libctru/lib/libctru.a(vram.o)
                              /home/jpost/Dropbox/Projects/Flask/source/libs/libsf2d/lib/libsf2d.a(sf2d_texture.o) (vramMemAlign)
/home/jpost/devkitpro/libctru/lib/libctru.a(linear.o)
                              /home/jpost/Dropbox/Projects/Flask/source/libs/libsf2d/lib/libsf2d.a(sf2d_texture.o) (linearMemAlign)
/home/jpost/devkitpro/libctru/lib/libctru.a(mem_pool.o)
[...]
Memory Configuration

Name             Origin             Length             Attributes
*default*        0x0000000000000000 0xffffffffffffffff

Linker script and memory map

                0x0000000000100000                . = 0x100000
                0x0000000000100000                __start__ = .

.text           0x0000000000100000    0xc6aec
 *(.crt0)
 .crt0          0x0000000000100000       0x94 /home/jpost/devkitpro/devkitARM/bin/../lib/gcc/arm-none-eabi/5.3.0/../../../../arm-none-eabi/lib/armv6k/fpu/3dsx_crt0.o
                0x0000000000100000                _start
                0x0000000000100008                __service_ptr
                0x000000000010000c                __apt_appid
                0x0000000000100010                __heap_size
                0x0000000000100014                __linear_heap_size
                0x0000000000100018                __system_arglist
                0x000000000010001c                __system_runflags
 *(.init)
 .init          0x0000000000100094        0xc /home/jpost/devkitpro/devkitARM/bin/../lib/gcc/arm-none-eabi/5.3.0/armv6k/fpu/crti.o
                0x0000000000100094                _init
 .init          0x00000000001000a0        0xc /home/jpost/devkitpro/devkitARM/bin/../lib/gcc/arm-none-eabi/5.3.0/armv6k/fpu/crtn.o
                0x00000000001000ac                . = ALIGN (0x4)
 *(.text)
 .text          0x00000000001000ac      0x108 /home/jpost/devkitpro/devkitARM/bin/../lib/gcc/arm-none-eabi/5.3.0/armv6k/fpu/crtbegin.o
 *fill*         0x00000000001001b4        0x4 
 .text          0x00000000001001b8       0xf0 main.o
                0x00000000001001b8                deltaStep()
                0x0000000000100220                displayError(char const*)
 .text          0x00000000001002a8      0x300 util.o
                0x00000000001002a8                generateIcons(char const*)
                0x0000000000100440                cacheData()
                0x00000000001004cc                loadBackgroundSong(void*)
                0x0000000000100518                split(char*, char*)
 .text          0x00000000001005a8      0x118 graphics.o
                0x00000000001005a8                getCurrentColor()
                0x00000000001005d8                setColor(int, int, int)
                0x00000000001005f0                setColor(int, int, int, int)
                0x000000000010060c                setScreen(int)
                0x000000000010061c                getCurrentScreen()
                0x000000000010062c                screenShot()
 .text          0x00000000001006c0      0x130 image.o
                0x00000000001006c0                Image::Image(sf2d_texture*)
                0x00000000001006c0                Image::Image(sf2d_texture*)
                0x00000000001006c8                Image::getWidth()
                0x00000000001006d4                Image::getHeight()
                0x00000000001006e0                Image::render(float, float)
                0x000000000010073c                Image::render(Quad, float, float)
 .text          0x00000000001007f0       0xdc font.o
                0x00000000001007f0                Font::Font(char const*, int)
                0x00000000001007f0                Font::Font(char const*, int)
                0x0000000000100814                Font::Font(char const*)
                0x0000000000100814                Font::Font(char const*)
                0x0000000000100838                Font::getWidth(char const*)
                0x000000000010084c                Font::getHeight()
                0x0000000000100854                Font::print(char const*, float, float)
 .text          0x00000000001008cc      0x170 bubble.o
                0x00000000001008cc                Bubble::Bubble(sf2d_texture*)
                0x00000000001008cc                Bubble::Bubble(sf2d_texture*)
                0x0000000000100950                Bubble::update(float)
                0x00000000001009b8                Bubble::render()
                0x00000000001009dc                Bubble::resetBubble()
                0x0000000000100a34                Bubble::shouldRemove()
 .text          0x0000000000100a3c       0x30 quad.o
                0x0000000000100a3c                Quad::Quad(int, int, int, int)
                0x0000000000100a3c                Quad::Quad(int, int, int, int)
                0x0000000000100a4c                Quad::getX()
                0x0000000000100a54                Quad::getY()
                0x0000000000100a5c                Quad::getWidth()
                0x0000000000100a64                Quad::getHeight()
 .text          0x0000000000100a6c      0x320 oggvorbis.o
                0x0000000000100a6c                OggVorbis::OggVorbis(char const*)
                0x0000000000100a6c                OggVorbis::OggVorbis(char const*)
                0x0000000000100c40                OggVorbis::~OggVorbis()
                0x0000000000100c40                OggVorbis::~OggVorbis()
                0x0000000000100c74                OggVorbis::getOpenChannel()
                0x0000000000100cbc                OggVorbis::play()
                0x0000000000100d7c                OggVorbis::stop()
                0x0000000000100d84                OggVorbis::setLooping(bool)
 .text          0x0000000000100d8c       0xac application.o
                0x0000000000100d8c                Application::Application(float, float, char const*, char const*, char const*)
                0x0000000000100d8c                Application::Application(float, float, char const*, char const*, char const*)
                0x0000000000100da4                Application::setDownloadURL(char const*)
                0x0000000000100dac                Application::setIcon(Image*)
                0x0000000000100db4                Application::render()
 .text          0x0000000000100e38      0x554 flask.o
                0x0000000000100e38                Flask::render()
                0x0000000000101028                Flask::keyPressed(unsigned long)
                0x0000000000101038                Flask::Flask()
                0x0000000000101038                Flask::Flask()
                0x000000000010123c                Flask::update(float)
 .text          0x000000000010138c     0x1e78 mdct.o
                0x000000000010138c                mdct_backward
 .text          0x0000000000103204     0x156c codebook.o
                0x0000000000103260                vorbis_staticbook_unpack
                0x0000000000103674                vorbis_book_decode
                0x00000000001037e8                vorbis_book_decodevs_add
                0x0000000000103c6c                vorbis_book_decodev_add
                0x0000000000103fb0                vorbis_book_decodev_set
                0x0000000000104350                vorbis_book_decodevv_add
 .text          0x0000000000104770      0x934 mapping0.o
 .text          0x00000000001050a4     0x3540 vorbisfile.o
                0x000000000010619c                ov_clear
                0x00000000001064b0                ov_test_callbacks
                0x00000000001064dc                ov_test
                0x0000000000106530                ov_streams
                0x0000000000106538                ov_seekable
                0x0000000000106540                ov_bitrate_instant
                0x00000000001065ac                ov_serialnumber
                0x0000000000106604                ov_raw_total
                0x00000000001066c0                ov_pcm_total
                0x0000000000106764                ov_time_total
                0x0000000000106838                ov_bitrate
                0x0000000000106994                ov_raw_seek
                0x0000000000106fb4                ov_open_callbacks
                0x0000000000107054                ov_open
                0x00000000001070a0                ov_fopen
                0x00000000001070f4                ov_test_open
                0x0000000000107164                rescale64
                0x0000000000107230                ov_pcm_seek_page
                0x0000000000107c78                ov_pcm_seek
                0x0000000000107fd4                ov_time_seek
                0x000000000010810c                ov_time_seek_page
                0x0000000000108244                ov_raw_tell
                0x0000000000108264                ov_pcm_tell
                0x0000000000108284                ov_time_tell
                0x00000000001083c0                ov_info
                0x0000000000108410                ov_comment
                0x0000000000108460                ov_read
 .text          0x00000000001085e4      0xbcc info.o
                0x0000000000108664                vorbis_comment_init
                0x000000000010867c                vorbis_comment_query
                0x0000000000108740                vorbis_comment_query_count
                0x00000000001087dc                vorbis_comment_clear
                0x000000000010886c                vorbis_info_blocksize
                0x0000000000108880                vorbis_info_init
                0x00000000001088ac                vorbis_info_clear
                0x0000000000108a54                vorbis_synthesis_idheader
                0x0000000000108af4                vorbis_synthesis_headerin
 .text          0x00000000001091b0      0xb38 res012.o
                0x00000000001091b0                res0_free_info
                0x00000000001091bc                res0_unpack
                0x0000000000109400                res0_look
                0x0000000000109950                res0_inverse
                0x00000000001099b4                res1_inverse
                0x0000000000109a18                res2_inverse
                0x0000000000109c54                res0_free_look
 .text          0x0000000000109ce8      0xca4 block.o
                0x0000000000109ce8                vorbis_block_init
                0x0000000000109d10                _vorbis_block_alloc
                0x0000000000109d90                _vorbis_block_ripcord
                0x0000000000109e04                vorbis_block_clear
                0x0000000000109e38                vorbis_synthesis_restart
                0x0000000000109ea8                vorbis_dsp_clear
                0x0000000000109fd8                vorbis_synthesis_init
                0x000000000010a294                vorbis_synthesis_blockin
                0x000000000010a8e4                vorbis_synthesis_pcmout
                0x000000000010a958                vorbis_synthesis_read
 .text          0x000000000010a98c     0x1110 sharedbook.o
                0x000000000010aa14                _ilog
                0x000000000010aa38                _make_words
                0x000000000010ace0                _book_maptype1_quantvals
                0x000000000010ad90                _book_unquantize
                0x000000000010b52c                vorbis_staticbook_destroy
                0x000000000010b560                vorbis_book_clear
                0x000000000010b5cc                vorbis_book_init_decode
 .text          0x000000000010ba9c      0x200 oggwindow.o
                0x000000000010ba9c                _vorbis_window
                0x000000000010bb54                _vorbis_apply_window
 .text          0x000000000010bc9c      0x270 synthesis.o
                0x000000000010be70                vorbis_synthesis
                0x000000000010be78                vorbis_synthesis_trackonly
                0x000000000010be80                vorbis_packet_blocksize
 .text          0x000000000010bf0c      0xaf0 floor1.o
 .text          0x000000000010c9fc      0xac0 floor0.o
                0x000000000010cee4                vorbis_lsp_to_curve
 .text          0x000000000010d4bc      0x434 /home/jpost/Dropbox/Projects/Flask/source/libs/libsfil/lib/libsfil.a(sfil_png.o)
                0x000000000010d808                sfil_load_PNG_file
                0x000000000010d8a4                sfil_load_PNG_buffer
 .text          0x000000000010d8f0     0x2634 /home/jpost/Dropbox/Projects/Flask/source/libs/libsf2d/lib/libsf2d.a(sf2d_texture.o)
                0x000000000010da14                sf2d_create_texture
                0x000000000010dc08                sf2d_create_rendertarget
                0x000000000010dca4                sf2d_free_texture
                0x000000000010dcf4                sf2d_free_target
                0x000000000010dcf8                sf2d_clear_target
                0x000000000010dd90                sf2d_fill_texture_from_RGBA8
                0x000000000010de48                sf2d_create_texture_mem_RGBA8
                0x000000000010de8c                sf2d_bind_texture
                0x000000000010df00                sf2d_bind_texture_color
                0x000000000010df78                sf2d_bind_texture_parameters
                0x000000000010dff0                sf2d_texture_set_params
                0x000000000010dff8                sf2d_texture_get_params
                0x000000000010e000                sf2d_draw_texture
                0x000000000010e144                sf2d_draw_texture_blend
                0x000000000010e28c                sf2d_draw_texture_rotate_hotspot
                0x000000000010e440                sf2d_draw_texture_rotate_hotspot_blend
                0x000000000010e5f8                sf2d_draw_texture_rotate
                0x000000000010e7c0                sf2d_draw_texture_rotate_blend
                0x000000000010e98c                sf2d_draw_texture_rotate_scale_hotspot
                0x000000000010eb58                sf2d_draw_texture_rotate_scale_hotspot_blend
                0x000000000010ed28                sf2d_draw_texture_part
                0x000000000010eea8                sf2d_draw_texture_part_blend
                0x000000000010f02c                sf2d_draw_texture_scale
                0x000000000010f198                sf2d_draw_texture_scale_blend
                0x000000000010f308                sf2d_draw_texture_part_scale
                0x000000000010f460                sf2d_draw_texture_part_scale_blend
                0x000000000010f5bc                sf2d_draw_texture_part_rotate_scale
                0x000000000010f7e0                sf2d_draw_texture_part_rotate_scale_blend
                0x000000000010fa08                sf2d_draw_texture_depth
                0x000000000010fb68                sf2d_draw_texture_depth_blend
                0x000000000010fccc                sf2d_draw_quad_uv
                0x000000000010fdfc                sf2d_set_pixel
                0x000000000010fe88                sf2d_get_pixel
                0x000000000010ff14                sf2d_texture_tile32
 .text          0x000000000010ff24      0x964 /home/jpost/Dropbox/Projects/Flask/source/libs/libsf2d/lib/libsf2d.a(sf2d.o)
                0x0000000000110138                sf2d_init
                0x0000000000110160                sf2d_init_advanced
                0x0000000000110180                sf2d_fini
                0x00000000001101ec                sf2d_set_3D
                0x00000000001101f8                sf2d_start_frame
                0x000000000011038c                sf2d_start_frame_target
                0x000000000011054c                sf2d_end_frame
                0x0000000000110660                sf2d_swapbuffers
                0x0000000000110710                sf2d_set_vblank_wait
                0x0000000000110720                sf2d_get_fps
                0x0000000000110730                sf2d_pool_malloc
                0x000000000011075c                sf2d_pool_memalign
                0x000000000011079c                sf2d_pool_calloc
                0x00000000001107dc                sf2d_pool_space_free
                0x00000000001107f4                sf2d_pool_reset
                0x0000000000110808                sf2d_set_clear_color
                0x000000000011081c                sf2d_set_scissor_test
                0x0000000000110868                sf2d_get_current_screen
                0x0000000000110878                sf2d_get_current_side
 .text          0x0000000000110888      0x4b4 /home/jpost/Dropbox/Projects/Flask/source/libs/libsf2d/lib/libsf2d.a(sf2d_private.o)
                0x0000000000110888                GPU_SetDummyTexEnv
                0x00000000001108bc                vector_mult_matrix4x4
                0x0000000000110940                matrix_gpu_set_uniform
                0x0000000000110950                matrix_copy
                0x000000000011098c                matrix_identity4x4
                0x00000000001109d8                matrix_mult4x4
                0x0000000000110a48                matrix_set_z_rotation
                0x0000000000110abc                matrix_rotate_z
                0x0000000000110b1c                matrix_set_scaling
                0x0000000000110b68                matrix_swap_xy
                0x0000000000110c08                matrix_init_orthographic
                0x0000000000110d1c                next_pow2
 .text          0x0000000000110d3c       0x64 /home/jpost/devkitpro/libctru/lib/libctru.a(stack_adjust.o)
                0x0000000000110d3c                initSystem
                0x0000000000110d80                __ctru_exit
 .text          0x0000000000110da0     0x110c /home/jpost/Dropbox/Projects/Flask/source/libs/libsftd/lib/libsftd.a(sftd.o)
                0x0000000000110f10                sftd_init
                0x0000000000110f50                sftd_fini
                0x0000000000110f94                sftd_load_font_file
                0x0000000000111074                sftd_load_font_mem
                0x0000000000111138                sftd_free_font
                0x0000000000111188                sftd_draw_text
                0x00000000001113d4                sftd_draw_textf
                0x0000000000111434                sftd_draw_wtext
                0x0000000000111680                sftd_draw_wtextf
                0x00000000001116ec                sftd_get_text_width
                0x0000000000111898                sftd_draw_text_wrap
                0x0000000000111b84                sftd_calc_bounding_box
                0x0000000000111e48                sftd_draw_textf_wrap
 .text          0x0000000000111eac      0x250 /home/jpost/Dropbox/Projects/Flask/source/libs/libsftd/lib/libsftd.a(texture_atlas.o)
                0x0000000000111eac                texture_atlas_create
                0x0000000000111f34                texture_atlas_free
                0x0000000000111f60                texture_atlas_insert
                0x0000000000112074                texture_atlas_exists
                0x000000000011208c                texture_atlas_get
 .text          0x00000000001120fc      0x1d8 /home/jpost/Dropbox/Projects/Flask/source/libs/libsftd/lib/libsftd.a(bin_packing_2d.o)
                0x00000000001120fc                bp2d_create
                0x0000000000112148                bp2d_free
                0x000000000011217c                bp2d_insert
 .text          0x00000000001122d4      0x320 /home/jpost/Dropbox/Projects/Flask/source/libs/libsftd/lib/libsftd.a(int_htab.o)
                0x00000000001122d4                int_htab_create
                0x0000000000112310                int_htab_free
                0x000000000011235c                int_htab_insert
                0x0000000000112444                int_htab_resize
                0x00000000001124ac                int_htab_find
                0x000000000011254c                int_htab_erase
 .text          0x00000000001125f4      0x20c /home/jpost/devkitpro/devkitARM/bin/../lib/gcc/arm-none-eabi/5.3.0/armv6k/fpu/libgcc.a(_udivsi3.o)
                0x00000000001125f4                __udivsi3
                0x00000000001125f4                __aeabi_uidiv
                0x00000000001127e0                __aeabi_uidivmod
 .text          0x0000000000112800      0x240 /home/jpost/devkitpro/devkitARM/bin/../lib/gcc/arm-none-eabi/5.3.0/armv6k/fpu/libgcc.a(_divsi3.o)
                0x0000000000112800                __aeabi_idiv
                0x0000000000112800                __divsi3
                0x0000000000112a20                __aeabi_idivmod
 .text          0x0000000000112a40        0x4 /home/jpost/devkitpro/devkitARM/bin/../lib/gcc/arm-none-eabi/5.3.0/armv6k/fpu/libgcc.a(_dvmd_tls.o)
                0x0000000000112a40                __aeabi_ldiv0
                0x0000000000112a40                __aeabi_idiv0
 .text          0x0000000000112a44      0x250 /home/jpost/devkitpro/devkitARM/bin/../lib/gcc/arm-none-eabi/5.3.0/armv6k/fpu/libgcc.a(_arm_addsubsf3.o)
                0x0000000000112a44                __aeabi_frsub
                0x0000000000112a4c                __subsf3
                0x0000000000112a4c                __aeabi_fsub
                0x0000000000112a50                __aeabi_fadd
                0x0000000000112a50                __addsf3
                0x0000000000112be0                __aeabi_ui2f
                0x0000000000112be0                __floatunsisf
                0x0000000000112be8                __aeabi_i2f
                0x0000000000112be8                __floatsisf
                0x0000000000112c08                __floatundisf
                0x0000000000112c08                __aeabi_ul2f
                0x0000000000112c18                __floatdisf
                0x0000000000112c18                __aeabi_l2f
 .text          0x0000000000112c94       0xd4 /home/jpost/devkitpro/devkitARM/bin/../lib/gcc/arm-none-eabi/5.3.0/armv6k/fpu/libgcc.a(_aeabi_ldivmod.o)
                0x0000000000112c94                __aeabi_ldivmod
 .text          0x0000000000112d68       0x3c /home/jpost/devkitpro/devkitARM/bin/../lib/gcc/arm-none-eabi/5.3.0/armv6k/fpu/libgcc.a(_aeabi_uldivmod.o)
                0x0000000000112d68                __aeabi_uldivmod
 .text          0x0000000000112da4      0x128 /home/jpost/devkitpro/devkitARM/bin/../lib/gcc/arm-none-eabi/5.3.0/armv6k/fpu/libgcc.a(_udivmoddi4.o)
                0x0000000000112da4                __udivmoddi4
 .text          0x0000000000112ecc      0xfec /home/jpost/devkitpro/devkitARM/bin/../lib/gcc/arm-none-eabi/5.3.0/armv6k/fpu/libgcc.a(unwind-arm.o)
                0x0000000000113340                _Unwind_GetCFA
                0x0000000000113348                __gnu_Unwind_RaiseException
                0x00000000001133f0                __gnu_Unwind_ForcedUnwind
                0x0000000000113414                __gnu_Unwind_Resume
                0x0000000000113488                __gnu_Unwind_Resume_or_Rethrow
                0x00000000001134a8                _Unwind_Complete
                0x00000000001134ac                _Unwind_DeleteException
                0x00000000001134c4                _Unwind_VRS_Get
                0x000000000011354c                _Unwind_VRS_Set
                0x00000000001135d4                __gnu_Unwind_Backtrace
                0x0000000000113ac4                __aeabi_unwind_cpp_pr0
                0x0000000000113acc                __aeabi_unwind_cpp_pr1
                0x0000000000113ad4                __aeabi_unwind_cpp_pr2
                0x0000000000113adc                _Unwind_VRS_Pop
 .text          0x0000000000113eb8      0x1a8 /home/jpost/devkitpro/devkitARM/bin/../lib/gcc/arm-none-eabi/5.3.0/armv6k/fpu/libgcc.a(libunwind.o)
                0x0000000000113eb8                __restore_core_regs
                0x0000000000113eb8                restore_core_regs
                0x0000000000113ecc                __gnu_Unwind_Restore_VFP
                0x0000000000113ed4                __gnu_Unwind_Save_VFP
                0x0000000000113edc                __gnu_Unwind_Restore_VFP_D
                0x0000000000113ee4                __gnu_Unwind_Save_VFP_D
                0x0000000000113eec                __gnu_Unwind_Restore_VFP_D_16_to_31
                0x0000000000113ef4                __gnu_Unwind_Save_VFP_D_16_to_31
                0x0000000000113efc                __gnu_Unwind_Restore_WMMXD
                0x0000000000113f40                __gnu_Unwind_Save_WMMXD
                0x0000000000113f84                __gnu_Unwind_Restore_WMMXC
                0x0000000000113f98                __gnu_Unwind_Save_WMMXC
                0x0000000000113fac                ___Unwind_RaiseException
                0x0000000000113fac                _Unwind_RaiseException
                0x0000000000113fd0                ___Unwind_Resume
                0x0000000000113fd0                _Unwind_Resume
                0x0000000000113ff4                _Unwind_Resume_or_Rethrow
                0x0000000000113ff4                ___Unwind_Resume_or_Rethrow
                0x0000000000114018                ___Unwind_ForcedUnwind
                0x0000000000114018                _Unwind_ForcedUnwind
                0x000000000011403c                _Unwind_Backtrace
                0x000000000011403c                ___Unwind_Backtrace
 .text          0x0000000000114060      0x4c0 /home/jpost/devkitpro/devkitARM/bin/../lib/gcc/arm-none-eabi/5.3.0/armv6k/fpu/libgcc.a(pr-support.o)
                0x00000000001140f0                __gnu_unwind_execute
                0x000000000011449c                __gnu_unwind_frame
                0x00000000001144e4                _Unwind_GetRegionStart
                0x00000000001144f4                _Unwind_GetLanguageSpecificData
                0x0000000000114510                _Unwind_GetTextRelBase
                0x0000000000114518                _Unwind_GetDataRelBase
 .text          0x0000000000114520       0x2c /home/jpost/devkitpro/devkitARM/bin/../lib/gcc/arm-none-eabi/5.3.0/../../../../arm-none-eabi/lib/armv6k/fpu/libg.a(lib_a-setjmp.o)
                0x0000000000114520                setjmp
                0x0000000000114534                longjmp
 *fill*         0x000000000011454c       0x14 
 .text          0x0000000000114560      0x3a0 /home/jpost/devkitpro/devkitARM/bin/../lib/gcc/arm-none-eabi/5.3.0/../../../../arm-none-eabi/lib/armv6k/fpu/libg.a(lib_a-strcmp.o)
                0x0000000000114568                strcmp
 .text          0x0000000000114900      0x1c4 /home/jpost/devkitpro/devkitARM/bin/../lib/gcc/arm-none-eabi/5.3.0/../../../../arm-none-eabi/lib/armv6k/fpu/libsysbase.a(iosupport.o)
                0x0000000000114908                setDefaultDevice
                0x0000000000114920                FindDevice
                0x00000000001149dc                RemoveDevice
                0x0000000000114a08                AddDevice
                0x0000000000114aa0                GetDeviceOpTab
 .text          0x0000000000114ac4       0x7c /home/jpost/devkitpro/devkitARM/bin/../lib/gcc/arm-none-eabi/5.3.0/../../../../arm-none-eabi/lib/armv6k/fpu/libsysbase.a(close.o)
                0x0000000000114ac4                _close_r
 .text          0x0000000000114b40       0x6c /home/jpost/devkitpro/devkitARM/bin/../lib/gcc/arm-none-eabi/5.3.0/../../../../arm-none-eabi/lib/armv6k/fpu/libsysbase.a(fstat.o)
                0x0000000000114b40                _fstat_r
 .text          0x0000000000114bac       0x10 /home/jpost/devkitpro/devkitARM/bin/../lib/gcc/arm-none-eabi/5.3.0/../../../../arm-none-eabi/lib/armv6k/fpu/libsysbase.a(getpid.o)
                0x0000000000114bac                _getpid_r
 .text          0x0000000000114bbc       0x2c /home/jpost/devkitpro/devkitARM/bin/../lib/gcc/arm-none-eabi/5.3.0/../../../../arm-none-eabi/lib/armv6k/fpu/libsysbase.a(gettod.o)
                0x0000000000114bbc                _gettimeofday_r
 .text          0x0000000000114be8        0x8 /home/jpost/devkitpro/devkitARM/bin/../lib/gcc/arm-none-eabi/5.3.0/../../../../arm-none-eabi/lib/armv6k/fpu/libsysbase.a(isatty.o)
                0x0000000000114be8                _isatty_r
 .text          0x0000000000114bf0       0x10 /home/jpost/devkitpro/devkitARM/bin/../lib/gcc/arm-none-eabi/5.3.0/../../../../arm-none-eabi/lib/armv6k/fpu/libsysbase.a(kill.o)
                0x0000000000114bf0                _kill_r
 .text          0x0000000000114c00       0x78 /home/jpost/devkitpro/devkitARM/bin/../lib/gcc/arm-none-eabi/5.3.0/../../../../arm-none-eabi/lib/armv6k/fpu/libsysbase.a(lseek.o)
                0x0000000000114c00                _lseek_r
 .text          0x0000000000114c78       0xc8 /home/jpost/devkitpro/devkitARM/bin/../lib/gcc/arm-none-eabi/5.3.0/../../../../arm-none-eabi/lib/armv6k/fpu/libsysbase.a(open.o)
                0x0000000000114c78                _open_r
 .text          0x0000000000114d40       0x78 /home/jpost/devkitpro/devkitARM/bin/../lib/gcc/arm-none-eabi/5.3.0/../../../../arm-none-eabi/lib/armv6k/fpu/libsysbase.a(read.o)
                0x0000000000114d40                _read_r
 .text          0x0000000000114db8       0x70 /home/jpost/devkitpro/devkitARM/bin/../lib/gcc/arm-none-eabi/5.3.0/../../../../arm-none-eabi/lib/armv6k/fpu/libsysbase.a(sbrk.o)
                0x0000000000114db8                _sbrk_r
 .text          0x0000000000114e28       0x78 /home/jpost/devkitpro/devkitARM/bin/../lib/gcc/arm-none-eabi/5.3.0/../../../../arm-none-eabi/lib/armv6k/fpu/libsysbase.a(write.o)
                0x0000000000114e28                _write_r
 .text          0x0000000000114ea0       0x20 /home/jpost/devkitpro/devkitARM/bin/../lib/gcc/arm-none-eabi/5.3.0/../../../../arm-none-eabi/lib/armv6k/fpu/libsysbase.a(_exit.o)
                0x0000000000114ea0                _exit
 .text          0x0000000000114ec0      0x3b0 /home/jpost/devkitpro/devkitARM/bin/../lib/gcc/arm-none-eabi/5.3.0/../../../../arm-none-eabi/lib/armv6k/fpu/libsysbase.a(chdir.o)
                0x0000000000114ec0                _concatenate_path
                0x000000000011507c                chdir
                0x00000000001151d0                getcwd
 .text          0x0000000000115270       0x10 /home/jpost/devkitpro/devkitARM/bin/../lib/gcc/arm-none-eabi/5.3.0/../../../../arm-none-eabi/lib/armv6k/fpu/libsysbase.a(flock.o)
                0x0000000000115270                __flockfile
                0x0000000000115278                __funlockfile
 .text          0x0000000000115280      0x108 /home/jpost/devkitpro/devkitARM/bin/../lib/gcc/arm-none-eabi/5.3.0/../../../../arm-none-eabi/lib/armv6k/fpu/libsysbase.a(syscall_support.o)
                0x0000000000115280                __libc_lock_init
                0x0000000000115298                __libc_lock_acquire
                0x00000000001152b0                __libc_lock_try_acquire
                0x00000000001152d4                __libc_lock_release
                0x00000000001152ec                __libc_lock_close
                0x0000000000115304                __libc_lock_init_recursive
                0x000000000011531c                __libc_lock_acquire_recursive
                0x0000000000115334                __libc_lock_try_acquire_recursive
                0x0000000000115358                __libc_lock_release_recursive
                0x0000000000115370                __libc_lock_close_recursive
 .text          0x0000000000115388      0x2c4 /home/jpost/devkitpro/devkitARM/bin/../lib/gcc/arm-none-eabi/5.3.0/../../../../arm-none-eabi/lib/armv6k/fpu/libsysbase.a(handle_manager.o)
                0x0000000000115388                __free_handle
                0x00000000001153cc                __release_handle
                0x0000000000115408                __alloc_handle
                0x0000000000115480                __get_handle
                0x000000000011549c                dup
                0x0000000000115540                dup2
 .text          0x000000000011564c       0x28 /home/jpost/devkitpro/devkitARM/bin/../lib/gcc/arm-none-eabi/5.3.0/../../../../arm-none-eabi/lib/armv6k/fpu/libsysbase.a(getreent.o)
                0x000000000011564c                __getreent
 *(.text.*)
 .text.startup  0x0000000000115674      0x250 main.o
                0x0000000000115674                main
 .text._ZNSt6vectorIPcSaIS0_EE19_M_emplace_back_auxIJRKS0_EEEvDpOT_
                0x00000000001158c4       0xcc util.o
                0x00000000001158c4                void std::vector<char*, std::allocator<char*> >::_M_emplace_back_aux<char* const&>(char* const&)
                0x00000000001158c4                void std::vector<char*, std::allocator<char*> >::_M_emplace_back_aux<char* const&>(char* const&)
 .text._ZNSt6vectorI4QuadSaIS0_EE19_M_emplace_back_auxIJRKS0_EEEvDpOT_
                0x0000000000115990       0xdc flask.o
                0x0000000000115990                void std::vector<Quad, std::allocator<Quad> >::_M_emplace_back_aux<Quad const&>(Quad const&)
                0x0000000000115990                void std::vector<Quad, std::allocator<Quad> >::_M_emplace_back_aux<Quad const&>(Quad const&)
 .text._ZNSt6vectorI6BubbleSaIS0_EE19_M_emplace_back_auxIJRKS0_EEEvDpOT_
                0x0000000000115a6c      0x12c flask.o
                0x0000000000115a6c                void std::vector<Bubble, std::allocator<Bubble> >::_M_emplace_back_aux<Bubble const&>(Bubble const&)
                0x0000000000115a6c                void std::vector<Bubble, std::allocator<Bubble> >::_M_emplace_back_aux<Bubble const&>(Bubble const&)
 .text.png_zalloc
                0x0000000000115b98       0x5c /home/jpost/devkitpro/portlibs/armv6k/lib/libpng.a(png.o)
                0x0000000000115b98                png_zalloc
 .text.png_zfree
                0x0000000000115bf4        0x4 /home/jpost/devkitpro/portlibs/armv6k/lib/libpng.a(png.o)
                0x0000000000115bf4                png_zfree
 .text.png_build_16bit_table
                0x0000000000115bf8      0x1b0 /home/jpost/devkitpro/portlibs/armv6k/lib/libpng.a(png.o)
 .text.png_colorspace_endpoints_match
                0x0000000000115da8      0x114 /home/jpost/devkitpro/portlibs/armv6k/lib/libpng.a(png.o)
 .text.png_free_data.part.3
                0x0000000000115ebc      0x498 /home/jpost/devkitpro/portlibs/armv6k/lib/libpng.a(png.o)
 *fill*         0x0000000000116354        0x4 
 .text.png_muldiv.part.9
                0x0000000000116358       0x88 /home/jpost/devkitpro/portlibs/armv6k/lib/libpng.a(png.o)
 .text.png_gamma_8bit_correct.part.15
                0x00000000001163e0       0x70 /home/jpost/devkitpro/portlibs/armv6k/lib/libpng.a(png.o)
 .text.png_icc_profile_error
                0x0000000000116450      0x208 /home/jpost/devkitpro/portlibs/armv6k/lib/libpng.a(png.o)
 .text.png_set_sig_bytes
                0x0000000000116658       0x40 /home/jpost/devkitpro/portlibs/armv6k/lib/libpng.a(png.o)
                0x0000000000116658                png_set_sig_bytes
 .text.png_sig_cmp
                0x0000000000116698       0x70 /home/jpost/devkitpro/portlibs/armv6k/lib/libpng.a(png.o)
                0x0000000000116698                png_sig_cmp
 .text.png_reset_crc
                0x0000000000116708       0x20 /home/jpost/devkitpro/portlibs/armv6k/lib/libpng.a(png.o)
                0x0000000000116708                png_reset_crc
 .text.png_calculate_crc
                0x0000000000116728       0x54 /home/jpost/devkitpro/portlibs/armv6k/lib/libpng.a(png.o)
                0x0000000000116728                png_calculate_crc
 .text.png_user_version_check
                0x000000000011677c      0x100 /home/jpost/devkitpro/portlibs/armv6k/lib/libpng.a(png.o)
                0x000000000011677c                png_user_version_check
 .text.png_create_png_struct
                0x000000000011687c      0x114 /home/jpost/devkitpro/portlibs/armv6k/lib/libpng.a(png.o)
                0x000000000011687c                png_create_png_struct
 .text.png_create_info_struct
                0x0000000000116990       0x40 /home/jpost/devkitpro/portlibs/armv6k/lib/libpng.a(png.o)
                0x0000000000116990                png_create_info_struct
 .text.png_destroy_info_struct
                0x00000000001169d0      0x384 /home/jpost/devkitpro/portlibs/armv6k/lib/libpng.a(png.o)
                0x00000000001169d0                png_destroy_info_struct
 .text.png_free_data
                0x0000000000116d54       0x10 /home/jpost/devkitpro/portlibs/armv6k/lib/libpng.a(png.o)
                0x0000000000116d54                png_free_data
 .text.png_get_io_ptr
                0x0000000000116d64        0xc /home/jpost/devkitpro/portlibs/armv6k/lib/libpng.a(png.o)
                0x0000000000116d64                png_get_io_ptr
 .text.png_chunk_unknown_handling
                0x0000000000116d70       0x90 /home/jpost/devkitpro/portlibs/armv6k/lib/libpng.a(png.o)
                0x0000000000116d70                png_chunk_unknown_handling
 .text.png_zstream_error
                0x0000000000116e00       0xe4 /home/jpost/devkitpro/portlibs/armv6k/lib/libpng.a(png.o)
                0x0000000000116e00                png_zstream_error
 *fill*         0x0000000000116ee4        0x4 
 .text.png_colorspace_set_gamma
                0x0000000000116ee8      0x178 /home/jpost/devkitpro/portlibs/armv6k/lib/libpng.a(png.o)
                0x0000000000116ee8                png_colorspace_set_gamma
 .text.png_colorspace_sync
                0x0000000000117060       0x88 /home/jpost/devkitpro/portlibs/armv6k/lib/libpng.a(png.o)
                0x0000000000117060                png_colorspace_sync
 .text.png_colorspace_set_sRGB
                0x00000000001170e8      0x218 /home/jpost/devkitpro/portlibs/armv6k/lib/libpng.a(png.o)
                0x00000000001170e8                png_colorspace_set_sRGB
 .text.png_icc_check_length
                0x0000000000117300      0x198 /home/jpost/devkitpro/portlibs/armv6k/lib/libpng.a(png.o)
                0x0000000000117300                png_icc_check_length
 .text.png_icc_check_header
                0x0000000000117498      0x35c /home/jpost/devkitpro/portlibs/armv6k/lib/libpng.a(png.o)
                0x0000000000117498                png_icc_check_header
 .text.png_icc_check_tag_table
                0x00000000001177f4      0x138 /home/jpost/devkitpro/portlibs/armv6k/lib/libpng.a(png.o)
                0x00000000001177f4                png_icc_check_tag_table
 .text.png_icc_set_sRGB
                0x000000000011792c      0x250 /home/jpost/devkitpro/portlibs/armv6k/lib/libpng.a(png.o)
                0x000000000011792c                png_icc_set_sRGB
 *fill*         0x0000000000117b7c        0x4 
 .text.png_colorspace_set_rgb_coefficients
                0x0000000000117b80      0x2b0 /home/jpost/devkitpro/portlibs/armv6k/lib/libpng.a(png.o)
                0x0000000000117b80                png_colorspace_set_rgb_coefficients
 .text.png_check_IHDR
                0x0000000000117e30      0x2ac /home/jpost/devkitpro/portlibs/armv6k/lib/libpng.a(png.o)
                0x0000000000117e30                png_check_IHDR
 .text.png_check_fp_number
                0x00000000001180dc      0x298 /home/jpost/devkitpro/portlibs/armv6k/lib/libpng.a(png.o)
                0x00000000001180dc                png_check_fp_number
 .text.png_check_fp_string
                0x0000000000118374      0x2c0 /home/jpost/devkitpro/portlibs/armv6k/lib/libpng.a(png.o)
                0x0000000000118374                png_check_fp_string
 *fill*         0x0000000000118634        0x4 
 .text.png_muldiv
                0x0000000000118638       0xb8 /home/jpost/devkitpro/portlibs/armv6k/lib/libpng.a(png.o)
                0x0000000000118638                png_muldiv
 .text.png_reciprocal
                0x00000000001186f0       0x90 /home/jpost/devkitpro/portlibs/armv6k/lib/libpng.a(png.o)
                0x00000000001186f0                png_reciprocal
 .text.png_colorspace_set_chromaticities
                0x0000000000118780      0xbf8 /home/jpost/devkitpro/portlibs/armv6k/lib/libpng.a(png.o)
                0x0000000000118780                png_colorspace_set_chromaticities
 .text.png_gamma_significant
                0x0000000000119378       0x20 /home/jpost/devkitpro/portlibs/armv6k/lib/libpng.a(png.o)
                0x0000000000119378                png_gamma_significant
 .text.png_reciprocal2
                0x0000000000119398       0xa8 /home/jpost/devkitpro/portlibs/armv6k/lib/libpng.a(png.o)
                0x0000000000119398                png_reciprocal2
 .text.png_gamma_8bit_correct
                0x0000000000119440       0x90 /home/jpost/devkitpro/portlibs/armv6k/lib/libpng.a(png.o)
                0x0000000000119440                png_gamma_8bit_correct
 .text.png_gamma_correct
                0x00000000001194d0      0x108 /home/jpost/devkitpro/portlibs/armv6k/lib/libpng.a(png.o)
                0x00000000001194d0                png_gamma_correct
 .text.png_destroy_gamma_table
                0x00000000001195d8      0x134 /home/jpost/devkitpro/portlibs/armv6k/lib/libpng.a(png.o)
                0x00000000001195d8                png_destroy_gamma_table
 *fill*         0x000000000011970c        0x4 
 .text.png_build_gamma_table
                0x0000000000119710      0x878 /home/jpost/devkitpro/portlibs/armv6k/lib/libpng.a(png.o)
                0x0000000000119710                png_build_gamma_table
 .text.png_format_buffer.isra.0
                0x0000000000119f88      0x208 /home/jpost/devkitpro/portlibs/armv6k/lib/libpng.a(pngerror.o)
 .text.png_safecat
                0x000000000011a190       0x74 /home/jpost/devkitpro/portlibs/armv6k/lib/libpng.a(pngerror.o)
                0x000000000011a190                png_safecat
 .text.png_format_number
                0x000000000011a204      0x16c /home/jpost/devkitpro/portlibs/armv6k/lib/libpng.a(pngerror.o)
                0x000000000011a204                png_format_number
 .text.png_warning
                0x000000000011a370      0x148 /home/jpost/devkitpro/portlibs/armv6k/lib/libpng.a(pngerror.o)
                0x000000000011a370                png_warning
 .text.png_chunk_warning
                0x000000000011a4b8      0x1ac /home/jpost/devkitpro/portlibs/armv6k/lib/libpng.a(pngerror.o)
                0x000000000011a4b8                png_chunk_warning
 .text.png_free_jmpbuf
                0x000000000011a664       0x94 /home/jpost/devkitpro/portlibs/armv6k/lib/libpng.a(pngerror.o)
                0x000000000011a664                png_free_jmpbuf
 .text.png_longjmp
                0x000000000011a6f8       0x2c /home/jpost/devkitpro/portlibs/armv6k/lib/libpng.a(pngerror.o)
                0x000000000011a6f8                png_longjmp
 .text.png_error
                0x000000000011a724       0x60 /home/jpost/devkitpro/portlibs/armv6k/lib/libpng.a(pngerror.o)
                0x000000000011a724                png_error
 .text.png_app_warning
                0x000000000011a784      0x158 /home/jpost/devkitpro/portlibs/armv6k/lib/libpng.a(pngerror.o)
                0x000000000011a784                png_app_warning
 .text.png_app_error
                0x000000000011a8dc      0x158 /home/jpost/devkitpro/portlibs/armv6k/lib/libpng.a(pngerror.o)
                0x000000000011a8dc                png_app_error
 .text.png_chunk_error
                0x000000000011aa34       0x2c /home/jpost/devkitpro/portlibs/armv6k/lib/libpng.a(pngerror.o)
                0x000000000011aa34                png_chunk_error
 .text.png_chunk_benign_error
                0x000000000011aa60      0x1a4 /home/jpost/devkitpro/portlibs/armv6k/lib/libpng.a(pngerror.o)
                0x000000000011aa60                png_chunk_benign_error
 .text.png_benign_error
                0x000000000011ac04      0x2d0 /home/jpost/devkitpro/portlibs/armv6k/lib/libpng.a(pngerror.o)
                0x000000000011ac04                png_benign_error
 .text.png_set_longjmp_fn
                0x000000000011aed4       0xe4 /home/jpost/devkitpro/portlibs/armv6k/lib/libpng.a(pngerror.o)
                0x000000000011aed4                png_set_longjmp_fn
 .text.png_chunk_report
                0x000000000011afb8      0x2d8 /home/jpost/devkitpro/portlibs/armv6k/lib/libpng.a(pngerror.o)
                0x000000000011afb8                png_chunk_report
 .text.png_set_error_fn
                0x000000000011b290       0x14 /home/jpost/devkitpro/portlibs/armv6k/lib/libpng.a(pngerror.o)
                0x000000000011b290                png_set_error_fn
 .text.png_get_error_ptr
                0x000000000011b2a4        0xc /home/jpost/devkitpro/portlibs/armv6k/lib/libpng.a(pngerror.o)
                0x000000000011b2a4                png_get_error_ptr
 .text.png_get_valid
                0x000000000011b2b0       0x1c /home/jpost/devkitpro/portlibs/armv6k/lib/libpng.a(pngget.o)
                0x000000000011b2b0                png_get_valid
 .text.png_get_IHDR
                0x000000000011b2cc       0xbc /home/jpost/devkitpro/portlibs/armv6k/lib/libpng.a(pngget.o)
                0x000000000011b2cc                png_get_IHDR
 .text.png_destroy_png_struct
                0x000000000011b388       0x68 /home/jpost/devkitpro/portlibs/armv6k/lib/libpng.a(pngmem.o)
                0x000000000011b388                png_destroy_png_struct
 .text.png_calloc
                0x000000000011b3f0       0x78 /home/jpost/devkitpro/portlibs/armv6k/lib/libpng.a(pngmem.o)
                0x000000000011b3f0                png_calloc
 .text.png_malloc_base
                0x000000000011b468       0x30 /home/jpost/devkitpro/portlibs/armv6k/lib/libpng.a(pngmem.o)
                0x000000000011b468                png_malloc_base
 .text.png_malloc_array
                0x000000000011b498       0x7c /home/jpost/devkitpro/portlibs/armv6k/lib/libpng.a(pngmem.o)
                0x000000000011b498                png_malloc_array
 .text.png_realloc_array
                0x000000000011b514      0x104 /home/jpost/devkitpro/portlibs/armv6k/lib/libpng.a(pngmem.o)
                0x000000000011b514                png_realloc_array
 .text.png_malloc
                0x000000000011b618       0x5c /home/jpost/devkitpro/portlibs/armv6k/lib/libpng.a(pngmem.o)
                0x000000000011b618                png_malloc
 .text.png_malloc_warn
                0x000000000011b674       0x64 /home/jpost/devkitpro/portlibs/armv6k/lib/libpng.a(pngmem.o)
                0x000000000011b674                png_malloc_warn
 .text.png_free
                0x000000000011b6d8       0x24 /home/jpost/devkitpro/portlibs/armv6k/lib/libpng.a(pngmem.o)
                0x000000000011b6d8                png_free
 .text.png_set_mem_fn
                0x000000000011b6fc       0x14 /home/jpost/devkitpro/portlibs/armv6k/lib/libpng.a(pngmem.o)
                0x000000000011b6fc                png_set_mem_fn
 .text.png_do_read_intrapixel
                0x000000000011b710      0x110 /home/jpost/devkitpro/portlibs/armv6k/lib/libpng.a(pngread.o)
 .text.png_read_info.part.3
                0x000000000011b820      0x408 /home/jpost/devkitpro/portlibs/armv6k/lib/libpng.a(pngread.o)
 .text.png_create_read_struct
                0x000000000011bc28       0x58 /home/jpost/devkitpro/portlibs/armv6k/lib/libpng.a(pngread.o)
                0x000000000011bc28                png_create_read_struct
 .text.png_read_info
                0x000000000011bc80       0x10 /home/jpost/devkitpro/portlibs/armv6k/lib/libpng.a(pngread.o)
                0x000000000011bc80                png_read_info
 .text.png_read_update_info
                0x000000000011bc90       0x40 /home/jpost/devkitpro/portlibs/armv6k/lib/libpng.a(pngread.o)
                0x000000000011bc90                png_read_update_info
 .text.png_read_image
                0x000000000011bcd0      0x3a0 /home/jpost/devkitpro/portlibs/armv6k/lib/libpng.a(pngread.o)
                0x000000000011bcd0                png_read_image
 .text.png_read_end
                0x000000000011c070      0x498 /home/jpost/devkitpro/portlibs/armv6k/lib/libpng.a(pngread.o)
                0x000000000011c070                png_read_end
 .text.png_destroy_read_struct
                0x000000000011c508      0x138 /home/jpost/devkitpro/portlibs/armv6k/lib/libpng.a(pngread.o)
                0x000000000011c508                png_destroy_read_struct
 .text.png_default_read_data
                0x000000000011c640       0x3c /home/jpost/devkitpro/portlibs/armv6k/lib/libpng.a(pngrio.o)
                0x000000000011c640                png_default_read_data
 .text.png_read_data
                0x000000000011c67c       0x20 /home/jpost/devkitpro/portlibs/armv6k/lib/libpng.a(pngrio.o)
                0x000000000011c67c                png_read_data
 .text.png_set_read_fn
                0x000000000011c69c       0x50 /home/jpost/devkitpro/portlibs/armv6k/lib/libpng.a(pngrio.o)
                0x000000000011c69c                png_set_read_fn
 .text.png_do_gray_to_rgb
                0x000000000011c6ec      0x21c /home/jpost/devkitpro/portlibs/armv6k/lib/libpng.a(pngrtran.o)
 .text.png_do_compose
                0x000000000011c908     0x1138 /home/jpost/devkitpro/portlibs/armv6k/lib/libpng.a(pngrtran.o)
 .text.png_set_scale_16
                0x000000000011da40       0x38 /home/jpost/devkitpro/portlibs/armv6k/lib/libpng.a(pngrtran.o)
                0x000000000011da40                png_set_scale_16
 .text.png_set_strip_16
                0x000000000011da78       0x38 /home/jpost/devkitpro/portlibs/armv6k/lib/libpng.a(pngrtran.o)
                0x000000000011da78                png_set_strip_16
 .text.png_set_expand
                0x000000000011dab0       0x3c /home/jpost/devkitpro/portlibs/armv6k/lib/libpng.a(pngrtran.o)
                0x000000000011dab0                png_set_expand
 .text.png_set_palette_to_rgb
                0x000000000011daec       0x3c /home/jpost/devkitpro/portlibs/armv6k/lib/libpng.a(pngrtran.o)
                0x000000000011daec                png_set_palette_to_rgb
 .text.png_set_expand_gray_1_2_4_to_8
                0x000000000011db28       0x38 /home/jpost/devkitpro/portlibs/armv6k/lib/libpng.a(pngrtran.o)
                0x000000000011db28                png_set_expand_gray_1_2_4_to_8
 .text.png_set_tRNS_to_alpha
                0x000000000011db60       0x3c /home/jpost/devkitpro/portlibs/armv6k/lib/libpng.a(pngrtran.o)
                0x000000000011db60                png_set_tRNS_to_alpha
 .text.png_set_gray_to_rgb
                0x000000000011db9c       0x38 /home/jpost/devkitpro/portlibs/armv6k/lib/libpng.a(pngrtran.o)
                0x000000000011db9c                png_set_gray_to_rgb
 .text.png_set_read_user_transform_fn
                0x000000000011dbd4       0x14 /home/jpost/devkitpro/portlibs/armv6k/lib/libpng.a(pngrtran.o)
                0x000000000011dbd4                png_set_read_user_transform_fn
 .text.png_init_read_transformations
                0x000000000011dbe8      0xce0 /home/jpost/devkitpro/portlibs/armv6k/lib/libpng.a(pngrtran.o)
                0x000000000011dbe8                png_init_read_transformations
 .text.png_read_transform_info
                0x000000000011e8c8      0x2c4 /home/jpost/devkitpro/portlibs/armv6k/lib/libpng.a(pngrtran.o)
                0x000000000011e8c8                png_read_transform_info
 .text.png_do_read_transformations
                0x000000000011eb8c     0x2504 /home/jpost/devkitpro/portlibs/armv6k/lib/libpng.a(pngrtran.o)
                0x000000000011eb8c                png_do_read_transformations
 .text.png_read_filter_row_sub
                0x0000000000121090      0x188 /home/jpost/devkitpro/portlibs/armv6k/lib/libpng.a(pngrutil.o)
 .text.png_read_filter_row_up
                0x0000000000121218      0x12c /home/jpost/devkitpro/portlibs/armv6k/lib/libpng.a(pngrutil.o)
 .text.png_read_filter_row_avg
                0x0000000000121344       0x80 /home/jpost/devkitpro/portlibs/armv6k/lib/libpng.a(pngrutil.o)
 .text.png_read_filter_row_paeth_1byte_pixel
                0x00000000001213c4       0x94 /home/jpost/devkitpro/portlibs/armv6k/lib/libpng.a(pngrutil.o)
 .text.png_read_filter_row_paeth_multibyte_pixel
                0x0000000000121458      0x1e8 /home/jpost/devkitpro/portlibs/armv6k/lib/libpng.a(pngrutil.o)
 .text.png_inflate_claim
                0x0000000000121640      0x110 /home/jpost/devkitpro/portlibs/armv6k/lib/libpng.a(pngrutil.o)
 .text.png_inflate.constprop.7
                0x0000000000121750      0x1d4 /home/jpost/devkitpro/portlibs/armv6k/lib/libpng.a(pngrutil.o)
 .text.png_inflate_read.part.3.constprop.5
                0x0000000000121924      0x158 /home/jpost/devkitpro/portlibs/armv6k/lib/libpng.a(pngrutil.o)
 .text.png_crc_finish.constprop.10
                0x0000000000121a7c       0xdc /home/jpost/devkitpro/portlibs/armv6k/lib/libpng.a(pngrutil.o)
 .text.png_decompress_chunk.constprop.6
                0x0000000000121b58      0x2c8 /home/jpost/devkitpro/portlibs/armv6k/lib/libpng.a(pngrutil.o)
 .text.png_read_sig
                0x0000000000121e20       0xac /home/jpost/devkitpro/portlibs/armv6k/lib/libpng.a(pngrutil.o)
                0x0000000000121e20                png_read_sig
 .text.png_read_chunk_header
                0x0000000000121ecc      0x15c /home/jpost/devkitpro/portlibs/armv6k/lib/libpng.a(pngrutil.o)
                0x0000000000121ecc                png_read_chunk_header
 .text.png_crc_finish
                0x0000000000122028      0x18c /home/jpost/devkitpro/portlibs/armv6k/lib/libpng.a(pngrutil.o)
                0x0000000000122028                png_crc_finish
 .text.png_handle_IHDR
                0x00000000001221b4      0x178 /home/jpost/devkitpro/portlibs/armv6k/lib/libpng.a(pngrutil.o)
                0x00000000001221b4                png_handle_IHDR
 .text.png_handle_PLTE
                0x000000000012232c      0x250 /home/jpost/devkitpro/portlibs/armv6k/lib/libpng.a(pngrutil.o)
                0x000000000012232c                png_handle_PLTE
 .text.png_handle_IEND
                0x000000000012257c       0x54 /home/jpost/devkitpro/portlibs/armv6k/lib/libpng.a(pngrutil.o)
                0x000000000012257c                png_handle_IEND
 .text.png_handle_gAMA
                0x00000000001225d0       0xe4 /home/jpost/devkitpro/portlibs/armv6k/lib/libpng.a(pngrutil.o)
                0x00000000001225d0                png_handle_gAMA
 .text.png_handle_sBIT
                0x00000000001226b4      0x214 /home/jpost/devkitpro/portlibs/armv6k/lib/libpng.a(pngrutil.o)
                0x00000000001226b4                png_handle_sBIT
 .text.png_handle_cHRM
                0x00000000001228c8      0x2bc /home/jpost/devkitpro/portlibs/armv6k/lib/libpng.a(pngrutil.o)
                0x00000000001228c8                png_handle_cHRM
 .text.png_handle_sRGB
                0x0000000000122b84      0x108 /home/jpost/devkitpro/portlibs/armv6k/lib/libpng.a(pngrutil.o)
                0x0000000000122b84                png_handle_sRGB
 .text.png_handle_iCCP
                0x0000000000122c8c      0x5c4 /home/jpost/devkitpro/portlibs/armv6k/lib/libpng.a(pngrutil.o)
                0x0000000000122c8c                png_handle_iCCP
 .text.png_handle_sPLT
                0x0000000000123250      0x320 /home/jpost/devkitpro/portlibs/armv6k/lib/libpng.a(pngrutil.o)
                0x0000000000123250                png_handle_sPLT
 .text.png_handle_tRNS
                0x0000000000123570      0x23c /home/jpost/devkitpro/portlibs/armv6k/lib/libpng.a(pngrutil.o)
                0x0000000000123570                png_handle_tRNS
 .text.png_handle_bKGD
                0x00000000001237ac      0x230 /home/jpost/devkitpro/portlibs/armv6k/lib/libpng.a(pngrutil.o)
                0x00000000001237ac                png_handle_bKGD
 .text.png_handle_hIST
                0x00000000001239dc      0x138 /home/jpost/devkitpro/portlibs/armv6k/lib/libpng.a(pngrutil.o)
                0x00000000001239dc                png_handle_hIST
 .text.png_handle_pHYs
                0x0000000000123b14      0x13c /home/jpost/devkitpro/portlibs/armv6k/lib/libpng.a(pngrutil.o)
                0x0000000000123b14                png_handle_pHYs
 .text.png_handle_oFFs
                0x0000000000123c50      0x180 /home/jpost/devkitpro/portlibs/armv6k/lib/libpng.a(pngrutil.o)
                0x0000000000123c50                png_handle_oFFs
 .text.png_handle_pCAL
                0x0000000000123dd0      0x3b8 /home/jpost/devkitpro/portlibs/armv6k/lib/libpng.a(pngrutil.o)
                0x0000000000123dd0                png_handle_pCAL
 .text.png_handle_sCAL
                0x0000000000124188      0x284 /home/jpost/devkitpro/portlibs/armv6k/lib/libpng.a(pngrutil.o)
                0x0000000000124188                png_handle_sCAL
 .text.png_handle_tIME
                0x000000000012440c      0x114 /home/jpost/devkitpro/portlibs/armv6k/lib/libpng.a(pngrutil.o)
                0x000000000012440c                png_handle_tIME
 .text.png_handle_tEXt
                0x0000000000124520      0x1c4 /home/jpost/devkitpro/portlibs/armv6k/lib/libpng.a(pngrutil.o)
                0x0000000000124520                png_handle_tEXt
 .text.png_handle_zTXt
                0x00000000001246e4      0x250 /home/jpost/devkitpro/portlibs/armv6k/lib/libpng.a(pngrutil.o)
                0x00000000001246e4                png_handle_zTXt
 .text.png_handle_iTXt
                0x0000000000124934      0x334 /home/jpost/devkitpro/portlibs/armv6k/lib/libpng.a(pngrutil.o)
                0x0000000000124934                png_handle_iTXt
 .text.png_handle_unknown
                0x0000000000124c68      0x35c /home/jpost/devkitpro/portlibs/armv6k/lib/libpng.a(pngrutil.o)
                0x0000000000124c68                png_handle_unknown
 .text.png_combine_row
                0x0000000000124fc4      0x4e0 /home/jpost/devkitpro/portlibs/armv6k/lib/libpng.a(pngrutil.o)
                0x0000000000124fc4                png_combine_row
 .text.png_do_read_interlace
                0x00000000001254a4      0x464 /home/jpost/devkitpro/portlibs/armv6k/lib/libpng.a(pngrutil.o)
                0x00000000001254a4                png_do_read_interlace
 .text.png_read_filter_row
                0x0000000000125908       0x90 /home/jpost/devkitpro/portlibs/armv6k/lib/libpng.a(pngrutil.o)
                0x0000000000125908                png_read_filter_row
 .text.png_read_IDAT_data
                0x0000000000125998      0x44c /home/jpost/devkitpro/portlibs/armv6k/lib/libpng.a(pngrutil.o)
                0x0000000000125998                png_read_IDAT_data
 .text.png_read_finish_IDAT
                0x0000000000125de4       0x78 /home/jpost/devkitpro/portlibs/armv6k/lib/libpng.a(pngrutil.o)
                0x0000000000125de4                png_read_finish_IDAT
 .text.png_read_finish_row
                0x0000000000125e5c      0x368 /home/jpost/devkitpro/portlibs/armv6k/lib/libpng.a(pngrutil.o)
                0x0000000000125e5c                png_read_finish_row
 .text.png_read_start_row
                0x00000000001261c4      0x340 /home/jpost/devkitpro/portlibs/armv6k/lib/libpng.a(pngrutil.o)
                0x00000000001261c4                png_read_start_row
 .text.png_set_bKGD
                0x0000000000126504       0x4c /home/jpost/devkitpro/portlibs/armv6k/lib/libpng.a(pngset.o)
                0x0000000000126504                png_set_bKGD
 .text.png_set_hIST
                0x0000000000126550       0xac /home/jpost/devkitpro/portlibs/armv6k/lib/libpng.a(pngset.o)
                0x0000000000126550                png_set_hIST
 .text.png_set_IHDR
                0x00000000001265fc       0xd8 /home/jpost/devkitpro/portlibs/armv6k/lib/libpng.a(pngset.o)
                0x00000000001265fc                png_set_IHDR
 .text.png_set_oFFs
                0x00000000001266d4       0x2c /home/jpost/devkitpro/portlibs/armv6k/lib/libpng.a(pngset.o)
                0x00000000001266d4                png_set_oFFs
 .text.png_set_pCAL
                0x0000000000126700      0x26c /home/jpost/devkitpro/portlibs/armv6k/lib/libpng.a(pngset.o)
                0x0000000000126700                png_set_pCAL
 .text.png_set_sCAL_s
                0x000000000012696c      0x164 /home/jpost/devkitpro/portlibs/armv6k/lib/libpng.a(pngset.o)
                0x000000000012696c                png_set_sCAL_s
 .text.png_set_pHYs
                0x0000000000126ad0       0x2c /home/jpost/devkitpro/portlibs/armv6k/lib/libpng.a(pngset.o)
                0x0000000000126ad0                png_set_pHYs
 .text.png_set_PLTE
                0x0000000000126afc      0x13c /home/jpost/devkitpro/portlibs/armv6k/lib/libpng.a(pngset.o)
                0x0000000000126afc                png_set_PLTE
 .text.png_set_sBIT
                0x0000000000126c38       0x44 /home/jpost/devkitpro/portlibs/armv6k/lib/libpng.a(pngset.o)
                0x0000000000126c38                png_set_sBIT
 .text.png_set_text_2
                0x0000000000126c7c      0x344 /home/jpost/devkitpro/portlibs/armv6k/lib/libpng.a(pngset.o)
                0x0000000000126c7c                png_set_text_2
 .text.png_set_tIME
                0x0000000000126fc0       0xa0 /home/jpost/devkitpro/portlibs/armv6k/lib/libpng.a(pngset.o)
                0x0000000000126fc0                png_set_tIME
 .text.png_set_tRNS
                0x0000000000127060      0x140 /home/jpost/devkitpro/portlibs/armv6k/lib/libpng.a(pngset.o)
                0x0000000000127060                png_set_tRNS
 .text.png_set_sPLT
                0x00000000001271a0      0x17c /home/jpost/devkitpro/portlibs/armv6k/lib/libpng.a(pngset.o)
                0x00000000001271a0                png_set_sPLT
 .text.png_set_unknown_chunks
                0x000000000012731c      0x188 /home/jpost/devkitpro/portlibs/armv6k/lib/libpng.a(pngset.o)
                0x000000000012731c                png_set_unknown_chunks
 .text.png_set_packing
                0x00000000001274a4       0x28 /home/jpost/devkitpro/portlibs/armv6k/lib/libpng.a(pngtrans.o)
                0x00000000001274a4                png_set_packing
 .text.png_set_interlace_handling
                0x00000000001274cc       0x30 /home/jpost/devkitpro/portlibs/armv6k/lib/libpng.a(pngtrans.o)
                0x00000000001274cc                png_set_interlace_handling
 .text.png_set_filler
                0x00000000001274fc       0x88 /home/jpost/devkitpro/portlibs/armv6k/lib/libpng.a(pngtrans.o)
                0x00000000001274fc                png_set_filler
 .text.png_do_invert
                0x0000000000127584      0x1f0 /home/jpost/devkitpro/portlibs/armv6k/lib/libpng.a(pngtrans.o)
                0x0000000000127584                png_do_invert
 .text.png_do_swap
                0x0000000000127774       0x4c /home/jpost/devkitpro/portlibs/armv6k/lib/libpng.a(pngtrans.o)
                0x0000000000127774                png_do_swap
 .text.png_do_packswap
                0x00000000001277c0       0x6c /home/jpost/devkitpro/portlibs/armv6k/lib/libpng.a(pngtrans.o)
                0x00000000001277c0                png_do_packswap
 .text.png_do_strip_channel
                0x000000000012782c      0x22c /home/jpost/devkitpro/portlibs/armv6k/lib/libpng.a(pngtrans.o)
                0x000000000012782c                png_do_strip_channel
 .text.png_do_bgr
                0x0000000000127a58      0x13c /home/jpost/devkitpro/portlibs/armv6k/lib/libpng.a(pngtrans.o)
                0x0000000000127a58                png_do_bgr
 .text.png_do_check_palette_indexes
                0x0000000000127b94      0x1cc /home/jpost/devkitpro/portlibs/armv6k/lib/libpng.a(pngtrans.o)
                0x0000000000127b94                png_do_check_palette_indexes
 .text.adler32  0x0000000000127d60      0x448 /home/jpost/devkitpro/portlibs/armv6k/lib/libz.a(adler32.o)
                0x0000000000127d60                adler32
 .text.crc32    0x00000000001281a8      0x3b0 /home/jpost/devkitpro/portlibs/armv6k/lib/libz.a(crc32.o)
                0x00000000001281a8                crc32
 .text.inflateReset
                0x0000000000128558       0x9c /home/jpost/devkitpro/portlibs/armv6k/lib/libz.a(inflate.o)
                0x0000000000128558                inflateReset
 .text.inflateReset2
                0x00000000001285f4      0x120 /home/jpost/devkitpro/portlibs/armv6k/lib/libz.a(inflate.o)
                0x00000000001285f4                inflateReset2
 .text.inflateInit2_
                0x0000000000128714      0x184 /home/jpost/devkitpro/portlibs/armv6k/lib/libz.a(inflate.o)
                0x0000000000128714                inflateInit2_
 .text.inflate  0x0000000000128898     0x1ec4 /home/jpost/devkitpro/portlibs/armv6k/lib/libz.a(inflate.o)
                0x0000000000128898                inflate
 .text.inflateEnd
                0x000000000012a75c       0x64 /home/jpost/devkitpro/portlibs/armv6k/lib/libz.a(inflate.o)
                0x000000000012a75c                inflateEnd
 .text.inflate_table
                0x000000000012a7c0      0xb70 /home/jpost/devkitpro/portlibs/armv6k/lib/libz.a(inftrees.o)
                0x000000000012a7c0                inflate_table
 .text.zcalloc  0x000000000012b330        0x8 /home/jpost/devkitpro/portlibs/armv6k/lib/libz.a(zutil.o)
                0x000000000012b330                zcalloc
 .text.zcfree   0x000000000012b338        0x8 /home/jpost/devkitpro/portlibs/armv6k/lib/libz.a(zutil.o)
                0x000000000012b338                zcfree
 .text.inflate_fast
                0x000000000012b340      0xc34 /home/jpost/devkitpro/portlibs/armv6k/lib/libz.a(inffast.o)
                0x000000000012b340                inflate_fast
 .text._ZL21addrMapNodeComparatorPK11rbtree_nodeS1_
                0x000000000012bf74       0x24 /home/jpost/devkitpro/libctru/lib/libctru.a(vram.o)
 .text._ZL21addrMapNodeDestructorP11rbtree_node
                0x000000000012bf98        0x4 /home/jpost/devkitpro/libctru/lib/libctru.a(vram.o)
 .text.vramMemAlign
                0x000000000012bf9c      0x130 /home/jpost/devkitpro/libctru/lib/libctru.a(vram.o)
                0x000000000012bf9c                vramMemAlign
 .text.vramAlloc
                0x000000000012c0cc        0x8 /home/jpost/devkitpro/libctru/lib/libctru.a(vram.o)
                0x000000000012c0cc                vramAlloc
 .text.vramFree
                0x000000000012c0d4       0x50 /home/jpost/devkitpro/libctru/lib/libctru.a(vram.o)
                0x000000000012c0d4                vramFree
 .text.vramSpaceFree
                0x000000000012c124        0xc /home/jpost/devkitpro/libctru/lib/libctru.a(vram.o)
                0x000000000012c124                vramSpaceFree
 .text._ZL21addrMapNodeComparatorPK11rbtree_nodeS1_
                0x000000000012c130       0x24 /home/jpost/devkitpro/libctru/lib/libctru.a(linear.o)
 .text._ZL21addrMapNodeDestructorP11rbtree_node
                0x000000000012c154        0x4 /home/jpost/devkitpro/libctru/lib/libctru.a(linear.o)
 .text.linearMemAlign
                0x000000000012c158      0x140 /home/jpost/devkitpro/libctru/lib/libctru.a(linear.o)
                0x000000000012c158                linearMemAlign
 .text.linearAlloc
                0x000000000012c298        0x8 /home/jpost/devkitpro/libctru/lib/libctru.a(linear.o)
                0x000000000012c298                linearAlloc
 .text.linearFree
                0x000000000012c2a0       0x50 /home/jpost/devkitpro/libctru/lib/libctru.a(linear.o)
                0x000000000012c2a0                linearFree
 .text.linearSpaceFree
                0x000000000012c2f0        0xc /home/jpost/devkitpro/libctru/lib/libctru.a(linear.o)
                0x000000000012c2f0                linearSpaceFree
 .text._ZN7MemPool13CoalesceRightEP8MemBlock
                0x000000000012c2fc       0xa0 /home/jpost/devkitpro/libctru/lib/libctru.a(mem_pool.o)
                0x000000000012c2fc                MemPool::CoalesceRight(MemBlock*)
 .text._ZN7MemPool8AllocateER8MemChunkmi
                0x000000000012c39c      0x18c /home/jpost/devkitpro/libctru/lib/libctru.a(mem_pool.o)
                0x000000000012c39c                MemPool::Allocate(MemChunk&, unsigned long, int)
 .text._ZN7MemPool10DeallocateERK8MemChunk
                0x000000000012c528      0x104 /home/jpost/devkitpro/libctru/lib/libctru.a(mem_pool.o)
                0x000000000012c528                MemPool::Deallocate(MemChunk const&)
 .text._ZN7MemPool12GetFreeSpaceEv
                0x000000000012c62c       0x30 /home/jpost/devkitpro/libctru/lib/libctru.a(mem_pool.o)
                0x000000000012c62c                MemPool::GetFreeSpace()
 .text.romfs_close
                0x000000000012c65c        0x8 /home/jpost/devkitpro/libctru/lib/libctru.a(romfs_dev.o)
 .text.romfs_seek
                0x000000000012c664       0x7c /home/jpost/devkitpro/libctru/lib/libctru.a(romfs_dev.o)
 .text.romfs_dirreset
                0x000000000012c6e0       0x28 /home/jpost/devkitpro/libctru/lib/libctru.a(romfs_dev.o)
 .text.romfs_dirclose
                0x000000000012c708        0x8 /home/jpost/devkitpro/libctru/lib/libctru.a(romfs_dev.o)
 .text.romfs_fstat
                0x000000000012c710       0x80 /home/jpost/devkitpro/libctru/lib/libctru.a(romfs_dev.o)
 .text._romfs_read_chk
                0x000000000012c790       0x5c /home/jpost/devkitpro/libctru/lib/libctru.a(romfs_dev.o)
 .text.romfs_read
                0x000000000012c7ec       0xd0 /home/jpost/devkitpro/libctru/lib/libctru.a(romfs_dev.o)
 .text.romfs_free
                0x000000000012c8bc       0x84 /home/jpost/devkitpro/libctru/lib/libctru.a(romfs_dev.o)
 .text.romfsMountCommon
                0x000000000012c940      0x16c /home/jpost/devkitpro/libctru/lib/libctru.a(romfs_dev.o)
 .text.romfs_dirnext
                0x000000000012caac      0x24c /home/jpost/devkitpro/libctru/lib/libctru.a(romfs_dev.o)
 .text.romfsInitMtime.isra.4
                0x000000000012ccf8       0xc0 /home/jpost/devkitpro/libctru/lib/libctru.a(romfs_dev.o)
 .text.searchForFile.constprop.6
                0x000000000012cdb8       0xb8 /home/jpost/devkitpro/libctru/lib/libctru.a(romfs_dev.o)
 .text.searchForDir.constprop.7
                0x000000000012ce70       0xb4 /home/jpost/devkitpro/libctru/lib/libctru.a(romfs_dev.o)
 .text.navigateToDir
                0x000000000012cf24      0x1c8 /home/jpost/devkitpro/libctru/lib/libctru.a(romfs_dev.o)
 .text.romfs_diropen
                0x000000000012d0ec       0x78 /home/jpost/devkitpro/libctru/lib/libctru.a(romfs_dev.o)
 .text.romfs_chdir
                0x000000000012d164       0x54 /home/jpost/devkitpro/libctru/lib/libctru.a(romfs_dev.o)
 .text.romfs_stat
                0x000000000012d1b8      0x1f8 /home/jpost/devkitpro/libctru/lib/libctru.a(romfs_dev.o)
 .text.romfs_open
                0x000000000012d3b0      0x128 /home/jpost/devkitpro/libctru/lib/libctru.a(romfs_dev.o)
 .text.romfsMount
                0x000000000012d4d8      0x328 /home/jpost/devkitpro/libctru/lib/libctru.a(romfs_dev.o)
                0x000000000012d4d8                romfsMount
 .text.romfsUnmount
                0x000000000012d800       0x78 /home/jpost/devkitpro/libctru/lib/libctru.a(romfs_dev.o)
                0x000000000012d800                romfsUnmount
 .text.getSysTime
                0x000000000012d878       0x58 /home/jpost/devkitpro/libctru/lib/libctru.a(os.o)
 .text.osConvertVirtToPhys
                0x000000000012d8d0       0x4c /home/jpost/devkitpro/libctru/lib/libctru.a(os.o)
                0x000000000012d8d0                osConvertVirtToPhys
 .text.osGetMemRegionUsed
                0x000000000012d91c       0x24 /home/jpost/devkitpro/libctru/lib/libctru.a(os.o)
                0x000000000012d91c                osGetMemRegionUsed
 .text.__libctru_gtod
                0x000000000012d940       0xf8 /home/jpost/devkitpro/libctru/lib/libctru.a(os.o)
                0x000000000012d940                __libctru_gtod
 .text.osGetTime
                0x000000000012da38       0x78 /home/jpost/devkitpro/libctru/lib/libctru.a(os.o)
                0x000000000012da38                osGetTime
 .text.__ctru_speedup_config
                0x000000000012dab0       0x34 /home/jpost/devkitpro/libctru/lib/libctru.a(os.o)
                0x000000000012dab0                __ctru_speedup_config
 .text.debug_write
                0x000000000012dae4       0x1c /home/jpost/devkitpro/libctru/lib/libctru.a(console.o)
                0x000000000012dae4                debug_write
 .text.consoleDrawChar
                0x000000000012db00      0x1ac /home/jpost/devkitpro/libctru/lib/libctru.a(console.o)
                0x000000000012db00                consoleDrawChar
 .text.consolePrintChar
                0x000000000012dcac      0x128 /home/jpost/devkitpro/libctru/lib/libctru.a(console.o)
                0x000000000012dcac                consolePrintChar
 .text.consoleCls
                0x000000000012ddd4      0x184 /home/jpost/devkitpro/libctru/lib/libctru.a(console.o)
 .text.consoleInit
                0x000000000012df58       0xf8 /home/jpost/devkitpro/libctru/lib/libctru.a(console.o)
                0x000000000012df58                consoleInit
 .text.consoleClearLine
                0x000000000012e050      0x138 /home/jpost/devkitpro/libctru/lib/libctru.a(console.o)
 .text.newRow   0x000000000012e188       0xc0 /home/jpost/devkitpro/libctru/lib/libctru.a(console.o)
 .text.con_write
                0x000000000012e248      0x86c /home/jpost/devkitpro/libctru/lib/libctru.a(console.o)
                0x000000000012e248                con_write
 .text.gfxSetFramebufferInfo.part.0
                0x000000000012eab4       0x8c /home/jpost/devkitpro/libctru/lib/libctru.a(gfx.o)
 .text.gfxSet3D
                0x000000000012eb40       0x10 /home/jpost/devkitpro/libctru/lib/libctru.a(gfx.o)
                0x000000000012eb40                gfxSet3D
 .text.gfxSetScreenFormat
                0x000000000012eb50       0x18 /home/jpost/devkitpro/libctru/lib/libctru.a(gfx.o)
                0x000000000012eb50                gfxSetScreenFormat
 .text.gfxSetDoubleBuffering
                0x000000000012eb68       0x14 /home/jpost/devkitpro/libctru/lib/libctru.a(gfx.o)
                0x000000000012eb68                gfxSetDoubleBuffering
 .text.gfxSetFramebufferInfo
                0x000000000012eb7c       0x70 /home/jpost/devkitpro/libctru/lib/libctru.a(gfx.o)
                0x000000000012eb7c                gfxSetFramebufferInfo
 .text.gfxWriteFramebufferInfo
                0x000000000012ebec       0x88 /home/jpost/devkitpro/libctru/lib/libctru.a(gfx.o)
                0x000000000012ebec                gfxWriteFramebufferInfo
 .text.gfxInit  0x000000000012ec74      0x1d0 /home/jpost/devkitpro/libctru/lib/libctru.a(gfx.o)
                0x000000000012ec74                gfxInit
 .text.gfxInitDefault
                0x000000000012ee44       0x10 /home/jpost/devkitpro/libctru/lib/libctru.a(gfx.o)
                0x000000000012ee44                gfxInitDefault
 .text.gfxExit  0x000000000012ee54       0xe0 /home/jpost/devkitpro/libctru/lib/libctru.a(gfx.o)
                0x000000000012ee54                gfxExit
 .text.gfxGetFramebuffer
                0x000000000012ef34       0xb0 /home/jpost/devkitpro/libctru/lib/libctru.a(gfx.o)
                0x000000000012ef34                gfxGetFramebuffer
 .text.gfxFlushBuffers
                0x000000000012efe4       0xcc /home/jpost/devkitpro/libctru/lib/libctru.a(gfx.o)
                0x000000000012efe4                gfxFlushBuffers
 .text.gfxConfigScreen
                0x000000000012f0b0       0x70 /home/jpost/devkitpro/libctru/lib/libctru.a(gfx.o)
                0x000000000012f0b0                gfxConfigScreen
 .text.gfxSwapBuffersGpu
                0x000000000012f120       0x20 /home/jpost/devkitpro/libctru/lib/libctru.a(gfx.o)
                0x000000000012f120                gfxSwapBuffersGpu
 .text.threadCreate
                0x000000000012f140      0x1c8 /home/jpost/devkitpro/libctru/lib/libctru.a(thread.o)
                0x000000000012f140                threadCreate
 .text.threadJoin
                0x000000000012f308       0x24 /home/jpost/devkitpro/libctru/lib/libctru.a(thread.o)
                0x000000000012f308                threadJoin
 .text.threadExit
                0x000000000012f32c       0x6c /home/jpost/devkitpro/libctru/lib/libctru.a(thread.o)
                0x000000000012f32c                threadExit
 .text._thread_begin
                0x000000000012f398       0x3c /home/jpost/devkitpro/libctru/lib/libctru.a(thread.o)
 .text.GPU_Init
                0x000000000012f3d4       0x2c /home/jpost/devkitpro/libctru/lib/libctru.a(gpu-old.o)
                0x000000000012f3d4                GPU_Init
 .text.GPU_Reset
                0x000000000012f400       0x10 /home/jpost/devkitpro/libctru/lib/libctru.a(gpu-old.o)
                0x000000000012f400                GPU_Reset
 .text.GPU_SetFloatUniform
                0x000000000012f410       0x70 /home/jpost/devkitpro/libctru/lib/libctru.a(gpu-old.o)
                0x000000000012f410                GPU_SetFloatUniform
 .text.GPU_SetViewport
                0x000000000012f480      0x1f4 /home/jpost/devkitpro/libctru/lib/libctru.a(gpu-old.o)
                0x000000000012f480                GPU_SetViewport
 .text.GPU_SetScissorTest
                0x000000000012f674       0x4c /home/jpost/devkitpro/libctru/lib/libctru.a(gpu-old.o)
                0x000000000012f674                GPU_SetScissorTest
 .text.GPU_DepthMap
                0x000000000012f6c0       0x7c /home/jpost/devkitpro/libctru/lib/libctru.a(gpu-old.o)
                0x000000000012f6c0                GPU_DepthMap
 .text.GPU_SetAlphaTest
                0x000000000012f73c       0x38 /home/jpost/devkitpro/libctru/lib/libctru.a(gpu-old.o)
                0x000000000012f73c                GPU_SetAlphaTest
 .text.GPU_SetStencilTest
                0x000000000012f774       0x48 /home/jpost/devkitpro/libctru/lib/libctru.a(gpu-old.o)
                0x000000000012f774                GPU_SetStencilTest
 .text.GPU_SetStencilOp
                0x000000000012f7bc       0x34 /home/jpost/devkitpro/libctru/lib/libctru.a(gpu-old.o)
                0x000000000012f7bc                GPU_SetStencilOp
 .text.GPU_SetDepthTestAndWriteMask
                0x000000000012f7f0       0x38 /home/jpost/devkitpro/libctru/lib/libctru.a(gpu-old.o)
                0x000000000012f7f0                GPU_SetDepthTestAndWriteMask
 .text.GPU_SetAlphaBlending
                0x000000000012f828       0x68 /home/jpost/devkitpro/libctru/lib/libctru.a(gpu-old.o)
                0x000000000012f828                GPU_SetAlphaBlending
 .text.GPU_SetBlendingColor
                0x000000000012f890       0x3c /home/jpost/devkitpro/libctru/lib/libctru.a(gpu-old.o)
                0x000000000012f890                GPU_SetBlendingColor
 .text.GPU_SetTextureEnable
                0x000000000012f8cc       0x4c /home/jpost/devkitpro/libctru/lib/libctru.a(gpu-old.o)
                0x000000000012f8cc                GPU_SetTextureEnable
 .text.GPU_SetTexture
                0x000000000012f918      0x198 /home/jpost/devkitpro/libctru/lib/libctru.a(gpu-old.o)
                0x000000000012f918                GPU_SetTexture
 .text.GPU_SetAttributeBuffers
                0x000000000012fab0      0x200 /home/jpost/devkitpro/libctru/lib/libctru.a(gpu-old.o)
                0x000000000012fab0                GPU_SetAttributeBuffers
 .text.GPU_SetFaceCulling
                0x000000000012fcb0       0x2c /home/jpost/devkitpro/libctru/lib/libctru.a(gpu-old.o)
                0x000000000012fcb0                GPU_SetFaceCulling
 .text.GPU_SetTexEnv
                0x000000000012fcdc       0x78 /home/jpost/devkitpro/libctru/lib/libctru.a(gpu-old.o)
                0x000000000012fcdc                GPU_SetTexEnv
 .text.GPU_DrawArray
                0x000000000012fd54      0x130 /home/jpost/devkitpro/libctru/lib/libctru.a(gpu-old.o)
                0x000000000012fd54                GPU_DrawArray
 .text.GPU_FinishDrawing
                0x000000000012fe84       0x5c /home/jpost/devkitpro/libctru/lib/libctru.a(gpu-old.o)
                0x000000000012fe84                GPU_FinishDrawing
 .text.GPU_SetShaderOutmap
                0x000000000012fee0       0x48 /home/jpost/devkitpro/libctru/lib/libctru.a(shaderProgram.o)
 .text.GPU_SendShaderCode.constprop.0
                0x000000000012ff28       0xb8 /home/jpost/devkitpro/libctru/lib/libctru.a(shaderProgram.o)
 .text.GPU_SendOperandDescriptors.constprop.1
                0x000000000012ffe0       0x70 /home/jpost/devkitpro/libctru/lib/libctru.a(shaderProgram.o)
 .text.shaderInstanceInit
                0x0000000000130050      0x23c /home/jpost/devkitpro/libctru/lib/libctru.a(shaderProgram.o)
                0x0000000000130050                shaderInstanceInit
 .text.shaderInstanceFree
                0x000000000013028c       0x38 /home/jpost/devkitpro/libctru/lib/libctru.a(shaderProgram.o)
                0x000000000013028c                shaderInstanceFree
 .text.shaderInstanceGetUniformLocation
                0x00000000001302c4       0x18 /home/jpost/devkitpro/libctru/lib/libctru.a(shaderProgram.o)
                0x00000000001302c4                shaderInstanceGetUniformLocation
 .text.shaderProgramInit
                0x00000000001302dc       0x18 /home/jpost/devkitpro/libctru/lib/libctru.a(shaderProgram.o)
                0x00000000001302dc                shaderProgramInit
 .text.shaderProgramFree
                0x00000000001302f4       0x30 /home/jpost/devkitpro/libctru/lib/libctru.a(shaderProgram.o)
                0x00000000001302f4                shaderProgramFree
 .text.shaderProgramSetVsh
                0x0000000000130324       0x6c /home/jpost/devkitpro/libctru/lib/libctru.a(shaderProgram.o)
                0x0000000000130324                shaderProgramSetVsh
 .text.shaderProgramConfigure
                0x0000000000130390      0x340 /home/jpost/devkitpro/libctru/lib/libctru.a(shaderProgram.o)
                0x0000000000130390                shaderProgramConfigure
 .text.shaderProgramUse
                0x00000000001306d0      0x12c /home/jpost/devkitpro/libctru/lib/libctru.a(shaderProgram.o)
                0x00000000001306d0                shaderProgramUse
 .text.DVLB_Free
                0x00000000001307fc       0x3c /home/jpost/devkitpro/libctru/lib/libctru.a(shbin.o)
                0x00000000001307fc                DVLB_Free
 .text.DVLE_GetUniformRegister
                0x0000000000130838       0x80 /home/jpost/devkitpro/libctru/lib/libctru.a(shbin.o)
                0x0000000000130838                DVLE_GetUniformRegister
 .text.DVLE_GenerateOutmap
                0x00000000001308b8      0x198 /home/jpost/devkitpro/libctru/lib/libctru.a(shbin.o)
                0x00000000001308b8                DVLE_GenerateOutmap
 .text.DVLB_ParseFile
                0x0000000000130a50      0x198 /home/jpost/devkitpro/libctru/lib/libctru.a(shbin.o)
                0x0000000000130a50                DVLB_ParseFile
 .text.GX_ProcessCommandList
                0x0000000000130be8       0x54 /home/jpost/devkitpro/libctru/lib/libctru.a(gx.o)
                0x0000000000130be8                GX_ProcessCommandList
 .text.GX_MemoryFill
                0x0000000000130c3c       0x60 /home/jpost/devkitpro/libctru/lib/libctru.a(gx.o)
                0x0000000000130c3c                GX_MemoryFill
 .text.GX_DisplayTransfer
                0x0000000000130c9c       0x50 /home/jpost/devkitpro/libctru/lib/libctru.a(gx.o)
                0x0000000000130c9c                GX_DisplayTransfer
 .text.GX_FlushCacheRegions
                0x0000000000130cec       0x54 /home/jpost/devkitpro/libctru/lib/libctru.a(gx.o)
                0x0000000000130cec                GX_FlushCacheRegions
 .text.GPUCMD_SetBuffer
                0x0000000000130d40       0x2c /home/jpost/devkitpro/libctru/lib/libctru.a(gpu.o)
                0x0000000000130d40                GPUCMD_SetBuffer
 .text.GPUCMD_SetBufferOffset
                0x0000000000130d6c       0x10 /home/jpost/devkitpro/libctru/lib/libctru.a(gpu.o)
                0x0000000000130d6c                GPUCMD_SetBufferOffset
 .text.GPUCMD_FlushAndRun
                0x0000000000130d7c       0x68 /home/jpost/devkitpro/libctru/lib/libctru.a(gpu.o)
                0x0000000000130d7c                GPUCMD_FlushAndRun
 .text.GPUCMD_Add
                0x0000000000130de4       0xe4 /home/jpost/devkitpro/libctru/lib/libctru.a(gpu.o)
                0x0000000000130de4                GPUCMD_Add
 .text.GPUCMD_Finalize
                0x0000000000130ec8       0x98 /home/jpost/devkitpro/libctru/lib/libctru.a(gpu.o)
                0x0000000000130ec8                GPUCMD_Finalize
 .text.f32tof24
                0x0000000000130f60       0x40 /home/jpost/devkitpro/libctru/lib/libctru.a(gpu.o)
                0x0000000000130f60                f32tof24
 .text.f32tof31
                0x0000000000130fa0       0x40 /home/jpost/devkitpro/libctru/lib/libctru.a(gpu.o)
                0x0000000000130fa0                f32tof31
 .text.ndspUpdateMaster
                0x0000000000130fe0      0x150 /home/jpost/devkitpro/libctru/lib/libctru.a(ndsp.o)
 .text.ndspFinalize
                0x0000000000131130       0xd8 /home/jpost/devkitpro/libctru/lib/libctru.a(ndsp.o)
 .text.ndspInitialize
                0x0000000000131208      0x250 /home/jpost/devkitpro/libctru/lib/libctru.a(ndsp.o)
 .text.ndspAptHook
                0x0000000000131458       0x5c /home/jpost/devkitpro/libctru/lib/libctru.a(ndsp.o)
 .text.ndspSync
                0x00000000001314b4      0x144 /home/jpost/devkitpro/libctru/lib/libctru.a(ndsp.o)
 .text.ndspThreadMain
                0x00000000001315f8       0xe0 /home/jpost/devkitpro/libctru/lib/libctru.a(ndsp.o)
 .text.ndspInit
                0x00000000001316d8      0x360 /home/jpost/devkitpro/libctru/lib/libctru.a(ndsp.o)
                0x00000000001316d8                ndspInit
 .text.ndspExit
                0x0000000000131a38       0xc8 /home/jpost/devkitpro/libctru/lib/libctru.a(ndsp.o)
                0x0000000000131a38                ndspExit
 .text.ndspChnReset
                0x0000000000131b00       0x94 /home/jpost/devkitpro/libctru/lib/libctru.a(ndsp-channel.o)
                0x0000000000131b00                ndspChnReset
 .text.ndspChnInitParams
                0x0000000000131b94       0x3c /home/jpost/devkitpro/libctru/lib/libctru.a(ndsp-channel.o)
                0x0000000000131b94                ndspChnInitParams
 .text.ndspChnSetFormat
                0x0000000000131bd0       0x18 /home/jpost/devkitpro/libctru/lib/libctru.a(ndsp-channel.o)
                0x0000000000131bd0                ndspChnSetFormat
 .text.ndspChnSetInterp
                0x0000000000131be8       0x44 /home/jpost/devkitpro/libctru/lib/libctru.a(ndsp-channel.o)
                0x0000000000131be8                ndspChnSetInterp
 .text.ndspChnSetRate
                0x0000000000131c2c       0x58 /home/jpost/devkitpro/libctru/lib/libctru.a(ndsp-channel.o)
                0x0000000000131c2c                ndspChnSetRate
 .text.ndspChnSetMix
                0x0000000000131c84       0x88 /home/jpost/devkitpro/libctru/lib/libctru.a(ndsp-channel.o)
                0x0000000000131c84                ndspChnSetMix
 .text.ndspChnWaveBufClear
                0x0000000000131d0c       0x64 /home/jpost/devkitpro/libctru/lib/libctru.a(ndsp-channel.o)
                0x0000000000131d0c                ndspChnWaveBufClear
 .text.ndspChnWaveBufAdd
                0x0000000000131d70       0xb0 /home/jpost/devkitpro/libctru/lib/libctru.a(ndsp-channel.o)
                0x0000000000131d70                ndspChnWaveBufAdd
 .text.ndspiInitChn
                0x0000000000131e20       0x34 /home/jpost/devkitpro/libctru/lib/libctru.a(ndsp-channel.o)
                0x0000000000131e20                ndspiInitChn
 .text.ndspiDirtyChn
                0x0000000000131e54       0x2c /home/jpost/devkitpro/libctru/lib/libctru.a(ndsp-channel.o)
                0x0000000000131e54                ndspiDirtyChn
 .text.ndspiUpdateChn
                0x0000000000131e80      0x490 /home/jpost/devkitpro/libctru/lib/libctru.a(ndsp-channel.o)
                0x0000000000131e80                ndspiUpdateChn
 .text.ndspiReadChnState
                0x0000000000132310      0x1a8 /home/jpost/devkitpro/libctru/lib/libctru.a(ndsp-channel.o)
                0x0000000000132310                ndspiReadChnState
 .text.dspExit  0x00000000001324b8       0x34 /home/jpost/devkitpro/libctru/lib/libctru.a(dsp.o)
                0x00000000001324b8                dspExit
 .text.DSP_FlushDataCache
                0x00000000001324ec       0x4c /home/jpost/devkitpro/libctru/lib/libctru.a(dsp.o)
                0x00000000001324ec                DSP_FlushDataCache
 .text.DSP_SetSemaphore
                0x0000000000132538       0x34 /home/jpost/devkitpro/libctru/lib/libctru.a(dsp.o)
                0x0000000000132538                DSP_SetSemaphore
 .text.DSP_SetSemaphoreMask
                0x000000000013256c       0x34 /home/jpost/devkitpro/libctru/lib/libctru.a(dsp.o)
                0x000000000013256c                DSP_SetSemaphoreMask
 .text.DSP_GetSemaphoreHandle
                0x00000000001325a0       0x38 /home/jpost/devkitpro/libctru/lib/libctru.a(dsp.o)
                0x00000000001325a0                DSP_GetSemaphoreHandle
 .text.DSP_LoadComponent
                0x00000000001325d8       0x64 /home/jpost/devkitpro/libctru/lib/libctru.a(dsp.o)
                0x00000000001325d8                DSP_LoadComponent
 .text.DSP_UnloadComponent
                0x000000000013263c       0x2c /home/jpost/devkitpro/libctru/lib/libctru.a(dsp.o)
                0x000000000013263c                DSP_UnloadComponent
 .text.dspInit  0x0000000000132668       0x80 /home/jpost/devkitpro/libctru/lib/libctru.a(dsp.o)
                0x0000000000132668                dspInit
 .text.DSP_RegisterInterruptEvents
                0x00000000001326e8       0x44 /home/jpost/devkitpro/libctru/lib/libctru.a(dsp.o)
                0x00000000001326e8                DSP_RegisterInterruptEvents
 .text.DSP_ReadPipeIfPossible
                0x000000000013272c       0x70 /home/jpost/devkitpro/libctru/lib/libctru.a(dsp.o)
                0x000000000013272c                DSP_ReadPipeIfPossible
 .text.DSP_WriteProcessPipe
                0x000000000013279c       0x4c /home/jpost/devkitpro/libctru/lib/libctru.a(dsp.o)
                0x000000000013279c                DSP_WriteProcessPipe
 .text.DSP_ConvertProcessAddressFromDspDram
                0x00000000001327e8       0x40 /home/jpost/devkitpro/libctru/lib/libctru.a(dsp.o)
                0x00000000001327e8                DSP_ConvertProcessAddressFromDspDram
 .text.DSP_RecvData
                0x0000000000132828       0x40 /home/jpost/devkitpro/libctru/lib/libctru.a(dsp.o)
                0x0000000000132828                DSP_RecvData
 .text.DSP_RecvDataIsReady
                0x0000000000132868       0x4c /home/jpost/devkitpro/libctru/lib/libctru.a(dsp.o)
                0x0000000000132868                DSP_RecvDataIsReady
 .text.gspEventThreadMain
                0x00000000001328b4      0x124 /home/jpost/devkitpro/libctru/lib/libctru.a(gspgpu.o)
 .text.gspInit  0x00000000001329d8       0x74 /home/jpost/devkitpro/libctru/lib/libctru.a(gspgpu.o)
                0x00000000001329d8                gspInit
 .text.gspExit  0x0000000000132a4c       0x3c /home/jpost/devkitpro/libctru/lib/libctru.a(gspgpu.o)
                0x0000000000132a4c                gspExit
 .text.gspInitEventHandler
                0x0000000000132a88       0xd0 /home/jpost/devkitpro/libctru/lib/libctru.a(gspgpu.o)
                0x0000000000132a88                gspInitEventHandler
 .text.gspExitEventHandler
                0x0000000000132b58       0x5c /home/jpost/devkitpro/libctru/lib/libctru.a(gspgpu.o)
                0x0000000000132b58                gspExitEventHandler
 .text.gspWaitForEvent
                0x0000000000132bb4       0x58 /home/jpost/devkitpro/libctru/lib/libctru.a(gspgpu.o)
                0x0000000000132bb4                gspWaitForEvent
 .text.gspSubmitGxCommand
                0x0000000000132c0c      0x128 /home/jpost/devkitpro/libctru/lib/libctru.a(gspgpu.o)
                0x0000000000132c0c                gspSubmitGxCommand
 .text.GSPGPU_SetBufferSwap
                0x0000000000132d34       0x6c /home/jpost/devkitpro/libctru/lib/libctru.a(gspgpu.o)
                0x0000000000132d34                GSPGPU_SetBufferSwap
 .text.GSPGPU_FlushDataCache
                0x0000000000132da0       0x4c /home/jpost/devkitpro/libctru/lib/libctru.a(gspgpu.o)
                0x0000000000132da0                GSPGPU_FlushDataCache
 .text.GSPGPU_SetLcdForceBlack
                0x0000000000132dec       0x34 /home/jpost/devkitpro/libctru/lib/libctru.a(gspgpu.o)
                0x0000000000132dec                GSPGPU_SetLcdForceBlack
 .text.GSPGPU_RegisterInterruptRelayQueue
                0x0000000000132e20       0x64 /home/jpost/devkitpro/libctru/lib/libctru.a(gspgpu.o)
                0x0000000000132e20                GSPGPU_RegisterInterruptRelayQueue
 .text.GSPGPU_UnregisterInterruptRelayQueue
                0x0000000000132e84       0x2c /home/jpost/devkitpro/libctru/lib/libctru.a(gspgpu.o)
                0x0000000000132e84                GSPGPU_UnregisterInterruptRelayQueue
 .text.GSPGPU_AcquireRight
                0x0000000000132eb0       0x48 /home/jpost/devkitpro/libctru/lib/libctru.a(gspgpu.o)
                0x0000000000132eb0                GSPGPU_AcquireRight
 .text.GSPGPU_ReleaseRight
                0x0000000000132ef8       0x2c /home/jpost/devkitpro/libctru/lib/libctru.a(gspgpu.o)
                0x0000000000132ef8                GSPGPU_ReleaseRight
 .text.GSPGPU_ImportDisplayCaptureInfo
                0x0000000000132f24       0x80 /home/jpost/devkitpro/libctru/lib/libctru.a(gspgpu.o)
                0x0000000000132f24                GSPGPU_ImportDisplayCaptureInfo
 .text.GSPGPU_SaveVramSysArea
                0x0000000000132fa4       0x2c /home/jpost/devkitpro/libctru/lib/libctru.a(gspgpu.o)
                0x0000000000132fa4                GSPGPU_SaveVramSysArea
 .text.GSPGPU_RestoreVramSysArea
                0x0000000000132fd0       0x2c /home/jpost/devkitpro/libctru/lib/libctru.a(gspgpu.o)
                0x0000000000132fd0                GSPGPU_RestoreVramSysArea
 .text.cfguInit
                0x0000000000132ffc       0xa0 /home/jpost/devkitpro/libctru/lib/libctru.a(cfgu.o)
                0x0000000000132ffc                cfguInit
 .text.cfguExit
                0x000000000013309c       0x34 /home/jpost/devkitpro/libctru/lib/libctru.a(cfgu.o)
                0x000000000013309c                cfguExit
 .text.CFGU_GetConfigInfoBlk2
                0x00000000001330d0       0x48 /home/jpost/devkitpro/libctru/lib/libctru.a(cfgu.o)
                0x00000000001330d0                CFGU_GetConfigInfoBlk2
 .text.__apt_initservicehandle